2025-07-18 16:32:27,284 [INFO] UtilMem:75 - End SaveConfig() Used Memory: 261727600 Bytes (563085312)
2025-07-18 16:32:29,607 [INFO] UtilMem:75 - End SaveConfig() Used Memory: 370253168 Bytes (563085312)
2025-07-18 16:32:31,880 [INFO] BlockDiagram:2775 - set Specific Code input for plugin: RTC
2025-07-18 16:32:31,880 [INFO] BlockDiagram:2775 - set Specific Code input for plugin: SPI
2025-07-18 16:32:31,880 [INFO] BlockDiagram:2775 - set Specific Code input for plugin: NVIC
2025-07-18 16:32:31,880 [INFO] BlockDiagram:2775 - set Specific Code input for plugin: USART
2025-07-18 16:32:31,880 [INFO] BlockDiagram:2775 - set Specific Code input for plugin: FREERTOS
2025-07-18 16:32:31,880 [INFO] BlockDiagram:2775 - set Specific Code input for plugin: USART
2025-07-18 16:32:31,880 [INFO] BlockDiagram:2775 - set Specific Code input for plugin: TIM1_8
2025-07-18 16:32:31,881 [INFO] BlockDiagram:2775 - set Specific Code input for plugin: TIM1_8
2025-07-18 16:32:31,881 [INFO] BlockDiagram:2775 - set Specific Code input for plugin: TIM1_8
2025-07-18 16:32:31,881 [INFO] BlockDiagram:2775 - set Specific Code input for plugin: TIM1_8
2025-07-18 16:32:31,881 [INFO] BlockDiagram:2775 - set Specific Code input for plugin: SYS
2025-07-18 16:32:31,881 [INFO] BlockDiagram:2775 - set Specific Code input for plugin: GPIO
2025-07-18 16:32:31,881 [INFO] BlockDiagram:2775 - set Specific Code input for plugin: ADC
2025-07-18 16:32:31,881 [INFO] BlockDiagram:2775 - set Specific Code input for plugin: RCC
2025-07-18 16:32:31,882 [INFO] BlockDiagram:2775 - set Specific Code input for plugin: I2C
2025-07-18 16:32:31,884 [INFO] CodeGenerator:882 - code generatio: config db path: C:\Program Files\STMicroelectronics\STM32Cube\STM32CubeIDE_1.18.0\STM32CubeIDE\..\..\..\..\..\Users\jesfi\.eclipse\com.st.stm32cube.ide.mcu.rcp.product_1.18.0_2086139113_win32_win32_x86_64\plugins\com.st.stm32cube.common.mx_6.14.1.202504091515\\db\
2025-07-18 16:32:31,897 [WARN] IP:2250 - I2C_Coeff_DF not found: check if there is a RefParameter without a condition.
2025-07-18 16:32:31,897 [WARN] IP:2250 - Analog_Filter not found: check if there is a RefParameter without a condition.
2025-07-18 16:32:32,017 [INFO] CodeEngine:263 - oldGeneratedFile, C:\Users\jesfi\Desktop\STM-Projets\Projeto-ENGD33\Projeto-ENGD33\MXTmpFiles\license.tmp_save
2025-07-18 16:32:32,242 [INFO] CodeEngine:287 - Generated code: C:\Users\jesfi\Desktop\STM-Projets\Projeto-ENGD33\Projeto-ENGD33\MXTmpFiles\license.tmp
2025-07-18 16:32:32,322 [INFO] CodeEngine:263 - oldGeneratedFile, C:\Users\jesfi\Desktop\STM-Projets\Projeto-ENGD33\Projeto-ENGD33\MXTmpFiles\gpio.tmp_save
2025-07-18 16:32:32,436 [INFO] CodeEngine:287 - Generated code: C:\Users\jesfi\Desktop\STM-Projets\Projeto-ENGD33\Projeto-ENGD33\MXTmpFiles\gpio.tmp
2025-07-18 16:32:32,900 [INFO] Middleware:1452 - No code input for Bsp Dependency
2025-07-18 16:32:32,914 [INFO] CodeEngine:263 - oldGeneratedFile, C:\Users\jesfi\Desktop\STM-Projets\Projeto-ENGD33\Projeto-ENGD33\MXTmpFiles\rtos_inc.tmp_save
2025-07-18 16:32:32,983 [INFO] CodeEngine:287 - Generated code: C:\Users\jesfi\Desktop\STM-Projets\Projeto-ENGD33\Projeto-ENGD33\MXTmpFiles\rtos_inc.tmp
2025-07-18 16:32:32,990 [INFO] CodeEngine:263 - oldGeneratedFile, C:\Users\jesfi\Desktop\STM-Projets\Projeto-ENGD33\Projeto-ENGD33\MXTmpFiles\rtos_kernelInit.tmp_save
2025-07-18 16:32:33,050 [INFO] CodeEngine:287 - Generated code: C:\Users\jesfi\Desktop\STM-Projets\Projeto-ENGD33\Projeto-ENGD33\MXTmpFiles\rtos_kernelInit.tmp
2025-07-18 16:32:33,057 [INFO] CodeEngine:263 - oldGeneratedFile, C:\Users\jesfi\Desktop\STM-Projets\Projeto-ENGD33\Projeto-ENGD33\MXTmpFiles\rtos_kernelStart.tmp_save
2025-07-18 16:32:33,112 [INFO] CodeEngine:287 - Generated code: C:\Users\jesfi\Desktop\STM-Projets\Projeto-ENGD33\Projeto-ENGD33\MXTmpFiles\rtos_kernelStart.tmp
2025-07-18 16:32:33,121 [INFO] CodeEngine:263 - oldGeneratedFile, C:\Users\jesfi\Desktop\STM-Projets\Projeto-ENGD33\Projeto-ENGD33\MXTmpFiles\rtos_typedefs.tmp_save
2025-07-18 16:32:33,199 [INFO] CodeEngine:287 - Generated code: C:\Users\jesfi\Desktop\STM-Projets\Projeto-ENGD33\Projeto-ENGD33\MXTmpFiles\rtos_typedefs.tmp
2025-07-18 16:32:33,208 [INFO] CodeEngine:263 - oldGeneratedFile, C:\Users\jesfi\Desktop\STM-Projets\Projeto-ENGD33\Projeto-ENGD33\MXTmpFiles\rtos_vars.tmp_save
2025-07-18 16:32:33,289 [INFO] CodeEngine:287 - Generated code: C:\Users\jesfi\Desktop\STM-Projets\Projeto-ENGD33\Projeto-ENGD33\MXTmpFiles\rtos_vars.tmp
2025-07-18 16:32:33,298 [INFO] CodeEngine:263 - oldGeneratedFile, C:\Users\jesfi\Desktop\STM-Projets\Projeto-ENGD33\Projeto-ENGD33\MXTmpFiles\rtos_pfp.tmp_save
2025-07-18 16:32:33,376 [INFO] CodeEngine:287 - Generated code: C:\Users\jesfi\Desktop\STM-Projets\Projeto-ENGD33\Projeto-ENGD33\MXTmpFiles\rtos_pfp.tmp
2025-07-18 16:32:33,385 [INFO] CodeEngine:263 - oldGeneratedFile, C:\Users\jesfi\Desktop\STM-Projets\Projeto-ENGD33\Projeto-ENGD33\MXTmpFiles\rtos_obj_creat.tmp_save
2025-07-18 16:32:33,466 [INFO] CodeEngine:287 - Generated code: C:\Users\jesfi\Desktop\STM-Projets\Projeto-ENGD33\Projeto-ENGD33\MXTmpFiles\rtos_obj_creat.tmp
2025-07-18 16:32:33,478 [INFO] CodeEngine:263 - oldGeneratedFile, C:\Users\jesfi\Desktop\STM-Projets\Projeto-ENGD33\Projeto-ENGD33\MXTmpFiles\rtos_default_thread.tmp_save
2025-07-18 16:32:33,551 [INFO] CodeEngine:287 - Generated code: C:\Users\jesfi\Desktop\STM-Projets\Projeto-ENGD33\Projeto-ENGD33\MXTmpFiles\rtos_default_thread.tmp
2025-07-18 16:32:33,559 [INFO] CodeEngine:263 - oldGeneratedFile, C:\Users\jesfi\Desktop\STM-Projets\Projeto-ENGD33\Projeto-ENGD33\MXTmpFiles\rtos_threads.tmp_save
2025-07-18 16:32:33,630 [INFO] CodeEngine:287 - Generated code: C:\Users\jesfi\Desktop\STM-Projets\Projeto-ENGD33\Projeto-ENGD33\MXTmpFiles\rtos_threads.tmp
2025-07-18 16:32:33,676 [INFO] Middleware:1452 - No code input for Bsp Dependency
2025-07-18 16:32:33,690 [INFO] CodeEngine:263 - oldGeneratedFile, C:\Users\jesfi\Desktop\STM-Projets\Projeto-ENGD33\Projeto-ENGD33\MXTmpFiles\rtos_inc.tmp_save
2025-07-18 16:32:33,743 [INFO] CodeEngine:287 - Generated code: C:\Users\jesfi\Desktop\STM-Projets\Projeto-ENGD33\Projeto-ENGD33\MXTmpFiles\rtos_inc.tmp
2025-07-18 16:32:33,752 [INFO] CodeEngine:263 - oldGeneratedFile, C:\Users\jesfi\Desktop\STM-Projets\Projeto-ENGD33\Projeto-ENGD33\MXTmpFiles\rtos_kernelInit.tmp_save
2025-07-18 16:32:33,816 [INFO] CodeEngine:287 - Generated code: C:\Users\jesfi\Desktop\STM-Projets\Projeto-ENGD33\Projeto-ENGD33\MXTmpFiles\rtos_kernelInit.tmp
2025-07-18 16:32:33,827 [INFO] CodeEngine:263 - oldGeneratedFile, C:\Users\jesfi\Desktop\STM-Projets\Projeto-ENGD33\Projeto-ENGD33\MXTmpFiles\rtos_kernelStart.tmp_save
2025-07-18 16:32:33,885 [INFO] CodeEngine:287 - Generated code: C:\Users\jesfi\Desktop\STM-Projets\Projeto-ENGD33\Projeto-ENGD33\MXTmpFiles\rtos_kernelStart.tmp
2025-07-18 16:32:33,895 [INFO] CodeEngine:263 - oldGeneratedFile, C:\Users\jesfi\Desktop\STM-Projets\Projeto-ENGD33\Projeto-ENGD33\MXTmpFiles\rtos_typedefs.tmp_save
2025-07-18 16:32:33,950 [INFO] CodeEngine:287 - Generated code: C:\Users\jesfi\Desktop\STM-Projets\Projeto-ENGD33\Projeto-ENGD33\MXTmpFiles\rtos_typedefs.tmp
2025-07-18 16:32:33,957 [INFO] CodeEngine:263 - oldGeneratedFile, C:\Users\jesfi\Desktop\STM-Projets\Projeto-ENGD33\Projeto-ENGD33\MXTmpFiles\rtos_vars.tmp_save
2025-07-18 16:32:34,012 [INFO] CodeEngine:287 - Generated code: C:\Users\jesfi\Desktop\STM-Projets\Projeto-ENGD33\Projeto-ENGD33\MXTmpFiles\rtos_vars.tmp
2025-07-18 16:32:34,019 [INFO] CodeEngine:263 - oldGeneratedFile, C:\Users\jesfi\Desktop\STM-Projets\Projeto-ENGD33\Projeto-ENGD33\MXTmpFiles\rtos_pfp.tmp_save
2025-07-18 16:32:34,076 [INFO] CodeEngine:287 - Generated code: C:\Users\jesfi\Desktop\STM-Projets\Projeto-ENGD33\Projeto-ENGD33\MXTmpFiles\rtos_pfp.tmp
2025-07-18 16:32:34,083 [INFO] CodeEngine:263 - oldGeneratedFile, C:\Users\jesfi\Desktop\STM-Projets\Projeto-ENGD33\Projeto-ENGD33\MXTmpFiles\rtos_obj_creat.tmp_save
2025-07-18 16:32:34,136 [INFO] CodeEngine:287 - Generated code: C:\Users\jesfi\Desktop\STM-Projets\Projeto-ENGD33\Projeto-ENGD33\MXTmpFiles\rtos_obj_creat.tmp
2025-07-18 16:32:34,143 [INFO] CodeEngine:263 - oldGeneratedFile, C:\Users\jesfi\Desktop\STM-Projets\Projeto-ENGD33\Projeto-ENGD33\MXTmpFiles\rtos_default_thread.tmp_save
2025-07-18 16:32:34,192 [INFO] CodeEngine:287 - Generated code: C:\Users\jesfi\Desktop\STM-Projets\Projeto-ENGD33\Projeto-ENGD33\MXTmpFiles\rtos_default_thread.tmp
2025-07-18 16:32:34,199 [INFO] CodeEngine:263 - oldGeneratedFile, C:\Users\jesfi\Desktop\STM-Projets\Projeto-ENGD33\Projeto-ENGD33\MXTmpFiles\rtos_threads.tmp_save
2025-07-18 16:32:34,245 [INFO] CodeEngine:287 - Generated code: C:\Users\jesfi\Desktop\STM-Projets\Projeto-ENGD33\Projeto-ENGD33\MXTmpFiles\rtos_threads.tmp
2025-07-18 16:32:34,253 [INFO] CodeEngine:263 - oldGeneratedFile, C:\Users\jesfi\Desktop\STM-Projets\Projeto-ENGD33\Projeto-ENGD33\Core\Inc\FreeRTOSConfig.h_save
2025-07-18 16:32:34,318 [INFO] CodeEngine:287 - Generated code: C:\Users\jesfi\Desktop\STM-Projets\Projeto-ENGD33\Projeto-ENGD33\Core\Inc\FreeRTOSConfig.h
2025-07-18 16:32:34,328 [INFO] CodeEngine:263 - oldGeneratedFile, C:\Users\jesfi\Desktop\STM-Projets\Projeto-ENGD33\Projeto-ENGD33\Core\Src\freertos.c_save
2025-07-18 16:32:34,383 [INFO] CodeEngine:287 - Generated code: C:\Users\jesfi\Desktop\STM-Projets\Projeto-ENGD33\Projeto-ENGD33\Core\Src\freertos.c
2025-07-18 16:32:34,432 [INFO] CodeEngine:263 - oldGeneratedFile, C:\Users\jesfi\Desktop\STM-Projets\Projeto-ENGD33\Projeto-ENGD33\Core\Src\stm32f4xx_it.c_save
2025-07-18 16:32:34,566 [INFO] CodeEngine:287 - Generated code: C:\Users\jesfi\Desktop\STM-Projets\Projeto-ENGD33\Projeto-ENGD33\Core\Src\stm32f4xx_it.c
2025-07-18 16:32:34,573 [INFO] CodeEngine:263 - oldGeneratedFile, C:\Users\jesfi\Desktop\STM-Projets\Projeto-ENGD33\Projeto-ENGD33\Core\Inc\stm32f4xx_it.h_save
2025-07-18 16:32:34,623 [INFO] CodeEngine:287 - Generated code: C:\Users\jesfi\Desktop\STM-Projets\Projeto-ENGD33\Projeto-ENGD33\Core\Inc\stm32f4xx_it.h
2025-07-18 16:32:34,641 [INFO] CodeEngine:263 - oldGeneratedFile, C:\Users\jesfi\Desktop\STM-Projets\Projeto-ENGD33\Projeto-ENGD33\Core\Src\stm32f4xx_hal_msp.c_save
2025-07-18 16:32:34,812 [INFO] CodeEngine:287 - Generated code: C:\Users\jesfi\Desktop\STM-Projets\Projeto-ENGD33\Projeto-ENGD33\Core\Src\stm32f4xx_hal_msp.c
2025-07-18 16:32:34,819 [INFO] CodeEngine:263 - oldGeneratedFile, C:\Users\jesfi\Desktop\STM-Projets\Projeto-ENGD33\Projeto-ENGD33\MXTmpFiles\system.tmp_save
2025-07-18 16:32:34,866 [INFO] CodeEngine:287 - Generated code: C:\Users\jesfi\Desktop\STM-Projets\Projeto-ENGD33\Projeto-ENGD33\MXTmpFiles\system.tmp
2025-07-18 16:32:34,880 [INFO] CodeEngine:319 - oldGeneratedFile, C:\Users\jesfi\Desktop\STM-Projets\Projeto-ENGD33\Projeto-ENGD33\Core\Inc\stm32f4xx_hal_conf.h_save
2025-07-18 16:32:34,935 [INFO] CodeEngine:343 - Generated code: C:\Users\jesfi\Desktop\STM-Projets\Projeto-ENGD33\Projeto-ENGD33\Core\Inc\stm32f4xx_hal_conf.h
2025-07-18 16:32:34,958 [WARN] IPConfigManager:3790 - IP not found : TIM
2025-07-18 16:32:34,960 [WARN] CodeGenerator:4198 - IP not found : null
2025-07-18 16:32:34,968 [INFO] CodeEngine:263 - oldGeneratedFile, C:\Users\jesfi\Desktop\STM-Projets\Projeto-ENGD33\Projeto-ENGD33\Core\Inc\main.h_save
2025-07-18 16:32:35,042 [INFO] CodeEngine:287 - Generated code: C:\Users\jesfi\Desktop\STM-Projets\Projeto-ENGD33\Projeto-ENGD33\Core\Inc\main.h
2025-07-18 16:32:35,052 [INFO] CodeEngine:263 - oldGeneratedFile, C:\Users\jesfi\Desktop\STM-Projets\Projeto-ENGD33\Projeto-ENGD33\Core\Src\main.c_save
2025-07-18 16:32:35,179 [INFO] CodeEngine:287 - Generated code: C:\Users\jesfi\Desktop\STM-Projets\Projeto-ENGD33\Projeto-ENGD33\Core\Src\main.c
2025-07-18 16:32:35,823 [INFO] ProjectBuilder:3324 - Time for Copy HAL[1] : 484mS.
2025-07-18 16:32:35,833 [INFO] ProjectBuilder:4912 - Project Generator version: 4.6.0.1-B1
2025-07-18 16:32:35,925 [INFO] ConfigFileManager:1590 - The Die is : DIE431
2025-07-18 16:32:37,143 [INFO] ProjectBuilder:5191 - Time for Generating toolchain IDE Files: 1310mS.
2025-07-18 16:32:37,144 [INFO] ProjectBuilder:3181 - Time for Copy CMSIS : 1mS.
2025-07-18 16:32:37,154 [INFO] ProjectBuilder:3181 - Time for Copy CMSIS : 0mS.
2025-07-18 21:47:07,932 [INFO] WebApp:194 - Connection lost
2025-07-18 21:47:08,930 [INFO] WebApp:191 - Connection restablished
2025-07-18 21:47:12,936 [INFO] WebApp:194 - Connection lost
2025-07-18 21:47:13,110 [INFO] WebApp:191 - Connection restablished
2025-07-18 21:47:20,602 [INFO] WebApp:194 - Connection lost
2025-07-18 21:47:20,832 [INFO] WebApp:191 - Connection restablished
2025-07-18 21:48:43,764 [INFO] WebApp:194 - Connection lost
2025-07-18 21:48:43,995 [INFO] WebApp:191 - Connection restablished
2025-07-18 21:51:50,131 [INFO] WebApp:194 - Connection lost
2025-07-18 21:51:50,369 [INFO] WebApp:191 - Connection restablished
2025-07-18 21:51:53,584 [INFO] WebApp:194 - Connection lost
2025-07-18 21:51:53,750 [INFO] WebApp:191 - Connection restablished
2025-07-18 21:52:10,592 [INFO] WebApp:194 - Connection lost
2025-07-18 21:52:10,830 [INFO] WebApp:191 - Connection restablished
2025-07-18 21:52:38,230 [INFO] WebApp:194 - Connection lost
2025-07-18 21:52:38,403 [INFO] WebApp:191 - Connection restablished
