2025-08-04 10:12:55,086 [INFO] WebApp:194 - Connection lost
2025-08-04 10:12:58,389 [INFO] WebApp:191 - Connection restablished
2025-08-04 10:13:04,187 [INFO] WebApp:194 - Connection lost
2025-08-04 10:13:04,404 [INFO] WebApp:191 - Connection restablished
2025-08-04 10:13:09,329 [INFO] WebApp:194 - Connection lost
2025-08-04 10:13:09,510 [INFO] WebApp:191 - Connection restablished
2025-08-04 10:13:12,438 [INFO] WebApp:194 - Connection lost
2025-08-04 10:13:12,612 [INFO] WebApp:191 - Connection restablished
2025-08-04 10:13:20,092 [INFO] WebApp:194 - Connection lost
2025-08-04 10:13:20,262 [INFO] WebApp:191 - Connection restablished
2025-08-04 10:13:36,394 [INFO] WebApp:194 - Connection lost
2025-08-04 10:13:43,222 [INFO] WebApp:191 - Connection restablished
2025-08-04 10:14:06,766 [INFO] WebApp:194 - Connection lost
2025-08-04 10:14:07,161 [INFO] WebApp:191 - Connection restablished
2025-08-04 11:42:20,774 [INFO] WebApp:194 - Connection lost
2025-08-04 11:58:50,800 [INFO] WebApp:191 - Connection restablished
2025-08-04 11:59:09,850 [INFO] WebApp:194 - Connection lost
2025-08-04 12:16:04,117 [INFO] WebApp:191 - Connection restablished
2025-08-04 12:16:12,334 [INFO] WebApp:194 - Connection lost
2025-08-04 12:16:15,525 [INFO] WebApp:191 - Connection restablished
2025-08-04 12:18:16,689 [INFO] WebApp:194 - Connection lost
2025-08-04 12:18:53,185 [INFO] WebApp:191 - Connection restablished
2025-08-04 12:18:56,799 [INFO] WebApp:194 - Connection lost
2025-08-04 12:18:57,943 [INFO] WebApp:191 - Connection restablished
2025-08-04 12:37:31,176 [INFO] WebApp:194 - Connection lost
2025-08-04 12:37:31,444 [INFO] WebApp:191 - Connection restablished
2025-08-04 12:37:53,451 [INFO] WebApp:194 - Connection lost
2025-08-04 12:37:53,619 [INFO] WebApp:191 - Connection restablished
2025-08-04 12:37:56,823 [INFO] WebApp:194 - Connection lost
2025-08-04 12:38:03,653 [INFO] WebApp:191 - Connection restablished
2025-08-04 12:38:31,865 [INFO] WebApp:194 - Connection lost
2025-08-04 12:38:32,196 [INFO] WebApp:191 - Connection restablished
2025-08-04 12:59:06,320 [INFO] WebApp:194 - Connection lost
2025-08-04 12:59:08,538 [INFO] WebApp:191 - Connection restablished
2025-08-04 12:59:14,004 [INFO] WebApp:194 - Connection lost
2025-08-04 12:59:14,171 [INFO] WebApp:191 - Connection restablished
2025-08-04 14:44:02,616 [INFO] WebApp:194 - Connection lost
2025-08-04 15:03:52,073 [INFO] WebApp:191 - Connection restablished
2025-08-04 15:04:50,500 [INFO] WebApp:194 - Connection lost
2025-08-04 15:04:50,717 [INFO] WebApp:191 - Connection restablished
2025-08-04 15:45:52,716 [INFO] WebApp:194 - Connection lost
2025-08-04 15:45:53,011 [INFO] WebApp:191 - Connection restablished
2025-08-04 15:46:00,273 [INFO] WebApp:194 - Connection lost
2025-08-04 15:46:00,479 [INFO] WebApp:191 - Connection restablished
2025-08-04 21:44:56,380 [WARN] IP:2250 - I2C_Coeff_DF not found: check if there is a RefParameter without a condition.
2025-08-04 21:44:56,383 [WARN] IP:2250 - Analog_Filter not found: check if there is a RefParameter without a condition.
2025-08-04 21:44:56,384 [WARN] IP:2250 - I2C_Coeff_DF not found: check if there is a RefParameter without a condition.
2025-08-04 21:44:56,384 [WARN] IP:2250 - Analog_Filter not found: check if there is a RefParameter without a condition.
2025-08-04 21:44:57,007 [WARN] IP:2250 - I2C_Coeff_DF not found: check if there is a RefParameter without a condition.
2025-08-04 21:44:57,008 [WARN] IP:2250 - Analog_Filter not found: check if there is a RefParameter without a condition.
2025-08-04 21:44:57,009 [WARN] IP:2250 - I2C_Coeff_DF not found: check if there is a RefParameter without a condition.
2025-08-04 21:44:57,009 [WARN] IP:2250 - Analog_Filter not found: check if there is a RefParameter without a condition.
2025-08-04 21:45:37,319 [INFO] NvicIntPanel:101 - NVIC parent = com.st.microxplorer.plugins.ip.nvic.MultiNvicIntPanel[,0,0,0x0,invalid,layout=javax.swing.BoxLayout,alignmentX=0.0,alignmentY=0.0,border=,flags=9,maximumSize=,minimumSize=,preferredSize=]
2025-08-04 21:48:34,712 [INFO] NvicIntPanel:101 - NVIC parent = com.st.microxplorer.plugins.ip.nvic.MultiNvicIntPanel[,0,0,0x0,invalid,layout=javax.swing.BoxLayout,alignmentX=0.0,alignmentY=0.0,border=,flags=9,maximumSize=,minimumSize=,preferredSize=]
2025-08-04 21:53:11,605 [INFO] UtilMem:75 - End SaveConfig() Used Memory: 445855680 Bytes (767557632)
2025-08-04 21:53:13,504 [INFO] UtilMem:75 - End SaveConfig() Used Memory: 522403776 Bytes (767557632)
2025-08-04 21:53:16,707 [INFO] BlockDiagram:2775 - set Specific Code input for plugin: RTC
2025-08-04 21:53:16,707 [INFO] BlockDiagram:2775 - set Specific Code input for plugin: SPI
2025-08-04 21:53:16,707 [INFO] BlockDiagram:2775 - set Specific Code input for plugin: NVIC
2025-08-04 21:53:16,707 [INFO] BlockDiagram:2775 - set Specific Code input for plugin: USART
2025-08-04 21:53:16,707 [INFO] BlockDiagram:2775 - set Specific Code input for plugin: FREERTOS
2025-08-04 21:53:16,708 [INFO] BlockDiagram:2775 - set Specific Code input for plugin: USART
2025-08-04 21:53:16,708 [INFO] BlockDiagram:2775 - set Specific Code input for plugin: TIM1_8
2025-08-04 21:53:16,708 [INFO] BlockDiagram:2775 - set Specific Code input for plugin: TIM1_8
2025-08-04 21:53:16,708 [INFO] BlockDiagram:2775 - set Specific Code input for plugin: TIM1_8
2025-08-04 21:53:16,708 [INFO] BlockDiagram:2775 - set Specific Code input for plugin: TIM1_8
2025-08-04 21:53:16,708 [INFO] BlockDiagram:2775 - set Specific Code input for plugin: SYS
2025-08-04 21:53:16,708 [INFO] BlockDiagram:2775 - set Specific Code input for plugin: GPIO
2025-08-04 21:53:16,708 [INFO] BlockDiagram:2775 - set Specific Code input for plugin: ADC
2025-08-04 21:53:16,708 [INFO] BlockDiagram:2775 - set Specific Code input for plugin: RCC
2025-08-04 21:53:16,708 [INFO] BlockDiagram:2775 - set Specific Code input for plugin: I2C
2025-08-04 21:53:16,711 [INFO] CodeGenerator:882 - code generatio: config db path: C:\Program Files\STMicroelectronics\STM32Cube\STM32CubeIDE_1.18.0\STM32CubeIDE\..\..\..\..\..\Users\jesfi\.eclipse\com.st.stm32cube.ide.mcu.rcp.product_1.18.0_2086139113_win32_win32_x86_64\plugins\com.st.stm32cube.common.mx_6.14.1.202504091515\\db\
2025-08-04 21:53:16,720 [WARN] IP:2250 - I2C_Coeff_DF not found: check if there is a RefParameter without a condition.
2025-08-04 21:53:16,720 [WARN] IP:2250 - Analog_Filter not found: check if there is a RefParameter without a condition.
2025-08-04 21:53:16,834 [INFO] CodeEngine:263 - oldGeneratedFile, C:\Users\jesfi\Desktop\STM-Projets\Projeto-ENGD33\Projeto-ENGD33\MXTmpFiles\license.tmp_save
2025-08-04 21:53:17,165 [INFO] CodeEngine:287 - Generated code: C:\Users\jesfi\Desktop\STM-Projets\Projeto-ENGD33\Projeto-ENGD33\MXTmpFiles\license.tmp
2025-08-04 21:53:17,239 [INFO] CodeEngine:263 - oldGeneratedFile, C:\Users\jesfi\Desktop\STM-Projets\Projeto-ENGD33\Projeto-ENGD33\MXTmpFiles\gpio.tmp_save
2025-08-04 21:53:17,391 [INFO] CodeEngine:287 - Generated code: C:\Users\jesfi\Desktop\STM-Projets\Projeto-ENGD33\Projeto-ENGD33\MXTmpFiles\gpio.tmp
2025-08-04 21:53:17,939 [INFO] Middleware:1452 - No code input for Bsp Dependency
2025-08-04 21:53:17,953 [INFO] CodeEngine:263 - oldGeneratedFile, C:\Users\jesfi\Desktop\STM-Projets\Projeto-ENGD33\Projeto-ENGD33\MXTmpFiles\rtos_inc.tmp_save
2025-08-04 21:53:18,028 [INFO] CodeEngine:287 - Generated code: C:\Users\jesfi\Desktop\STM-Projets\Projeto-ENGD33\Projeto-ENGD33\MXTmpFiles\rtos_inc.tmp
2025-08-04 21:53:18,037 [INFO] CodeEngine:263 - oldGeneratedFile, C:\Users\jesfi\Desktop\STM-Projets\Projeto-ENGD33\Projeto-ENGD33\MXTmpFiles\rtos_kernelInit.tmp_save
2025-08-04 21:53:18,120 [INFO] CodeEngine:287 - Generated code: C:\Users\jesfi\Desktop\STM-Projets\Projeto-ENGD33\Projeto-ENGD33\MXTmpFiles\rtos_kernelInit.tmp
2025-08-04 21:53:18,129 [INFO] CodeEngine:263 - oldGeneratedFile, C:\Users\jesfi\Desktop\STM-Projets\Projeto-ENGD33\Projeto-ENGD33\MXTmpFiles\rtos_kernelStart.tmp_save
2025-08-04 21:53:18,211 [INFO] CodeEngine:287 - Generated code: C:\Users\jesfi\Desktop\STM-Projets\Projeto-ENGD33\Projeto-ENGD33\MXTmpFiles\rtos_kernelStart.tmp
2025-08-04 21:53:18,222 [INFO] CodeEngine:263 - oldGeneratedFile, C:\Users\jesfi\Desktop\STM-Projets\Projeto-ENGD33\Projeto-ENGD33\MXTmpFiles\rtos_typedefs.tmp_save
2025-08-04 21:53:18,315 [INFO] CodeEngine:287 - Generated code: C:\Users\jesfi\Desktop\STM-Projets\Projeto-ENGD33\Projeto-ENGD33\MXTmpFiles\rtos_typedefs.tmp
2025-08-04 21:53:18,324 [INFO] CodeEngine:263 - oldGeneratedFile, C:\Users\jesfi\Desktop\STM-Projets\Projeto-ENGD33\Projeto-ENGD33\MXTmpFiles\rtos_vars.tmp_save
2025-08-04 21:53:18,412 [INFO] CodeEngine:287 - Generated code: C:\Users\jesfi\Desktop\STM-Projets\Projeto-ENGD33\Projeto-ENGD33\MXTmpFiles\rtos_vars.tmp
2025-08-04 21:53:18,430 [INFO] CodeEngine:263 - oldGeneratedFile, C:\Users\jesfi\Desktop\STM-Projets\Projeto-ENGD33\Projeto-ENGD33\MXTmpFiles\rtos_pfp.tmp_save
2025-08-04 21:53:18,503 [INFO] CodeEngine:287 - Generated code: C:\Users\jesfi\Desktop\STM-Projets\Projeto-ENGD33\Projeto-ENGD33\MXTmpFiles\rtos_pfp.tmp
2025-08-04 21:53:18,511 [INFO] CodeEngine:263 - oldGeneratedFile, C:\Users\jesfi\Desktop\STM-Projets\Projeto-ENGD33\Projeto-ENGD33\MXTmpFiles\rtos_obj_creat.tmp_save
2025-08-04 21:53:18,569 [INFO] CodeEngine:287 - Generated code: C:\Users\jesfi\Desktop\STM-Projets\Projeto-ENGD33\Projeto-ENGD33\MXTmpFiles\rtos_obj_creat.tmp
2025-08-04 21:53:18,576 [INFO] CodeEngine:263 - oldGeneratedFile, C:\Users\jesfi\Desktop\STM-Projets\Projeto-ENGD33\Projeto-ENGD33\MXTmpFiles\rtos_default_thread.tmp_save
2025-08-04 21:53:18,634 [INFO] CodeEngine:287 - Generated code: C:\Users\jesfi\Desktop\STM-Projets\Projeto-ENGD33\Projeto-ENGD33\MXTmpFiles\rtos_default_thread.tmp
2025-08-04 21:53:18,639 [INFO] CodeEngine:263 - oldGeneratedFile, C:\Users\jesfi\Desktop\STM-Projets\Projeto-ENGD33\Projeto-ENGD33\MXTmpFiles\rtos_threads.tmp_save
2025-08-04 21:53:18,692 [INFO] CodeEngine:287 - Generated code: C:\Users\jesfi\Desktop\STM-Projets\Projeto-ENGD33\Projeto-ENGD33\MXTmpFiles\rtos_threads.tmp
2025-08-04 21:53:18,728 [INFO] Middleware:1452 - No code input for Bsp Dependency
2025-08-04 21:53:18,739 [INFO] CodeEngine:263 - oldGeneratedFile, C:\Users\jesfi\Desktop\STM-Projets\Projeto-ENGD33\Projeto-ENGD33\MXTmpFiles\rtos_inc.tmp_save
2025-08-04 21:53:18,788 [INFO] CodeEngine:287 - Generated code: C:\Users\jesfi\Desktop\STM-Projets\Projeto-ENGD33\Projeto-ENGD33\MXTmpFiles\rtos_inc.tmp
2025-08-04 21:53:18,796 [INFO] CodeEngine:263 - oldGeneratedFile, C:\Users\jesfi\Desktop\STM-Projets\Projeto-ENGD33\Projeto-ENGD33\MXTmpFiles\rtos_kernelInit.tmp_save
2025-08-04 21:53:18,850 [INFO] CodeEngine:287 - Generated code: C:\Users\jesfi\Desktop\STM-Projets\Projeto-ENGD33\Projeto-ENGD33\MXTmpFiles\rtos_kernelInit.tmp
2025-08-04 21:53:18,857 [INFO] CodeEngine:263 - oldGeneratedFile, C:\Users\jesfi\Desktop\STM-Projets\Projeto-ENGD33\Projeto-ENGD33\MXTmpFiles\rtos_kernelStart.tmp_save
2025-08-04 21:53:18,910 [INFO] CodeEngine:287 - Generated code: C:\Users\jesfi\Desktop\STM-Projets\Projeto-ENGD33\Projeto-ENGD33\MXTmpFiles\rtos_kernelStart.tmp
2025-08-04 21:53:18,917 [INFO] CodeEngine:263 - oldGeneratedFile, C:\Users\jesfi\Desktop\STM-Projets\Projeto-ENGD33\Projeto-ENGD33\MXTmpFiles\rtos_typedefs.tmp_save
2025-08-04 21:53:18,980 [INFO] CodeEngine:287 - Generated code: C:\Users\jesfi\Desktop\STM-Projets\Projeto-ENGD33\Projeto-ENGD33\MXTmpFiles\rtos_typedefs.tmp
2025-08-04 21:53:18,987 [INFO] CodeEngine:263 - oldGeneratedFile, C:\Users\jesfi\Desktop\STM-Projets\Projeto-ENGD33\Projeto-ENGD33\MXTmpFiles\rtos_vars.tmp_save
2025-08-04 21:53:19,053 [INFO] CodeEngine:287 - Generated code: C:\Users\jesfi\Desktop\STM-Projets\Projeto-ENGD33\Projeto-ENGD33\MXTmpFiles\rtos_vars.tmp
2025-08-04 21:53:19,059 [INFO] CodeEngine:263 - oldGeneratedFile, C:\Users\jesfi\Desktop\STM-Projets\Projeto-ENGD33\Projeto-ENGD33\MXTmpFiles\rtos_pfp.tmp_save
2025-08-04 21:53:19,142 [INFO] CodeEngine:287 - Generated code: C:\Users\jesfi\Desktop\STM-Projets\Projeto-ENGD33\Projeto-ENGD33\MXTmpFiles\rtos_pfp.tmp
2025-08-04 21:53:19,149 [INFO] CodeEngine:263 - oldGeneratedFile, C:\Users\jesfi\Desktop\STM-Projets\Projeto-ENGD33\Projeto-ENGD33\MXTmpFiles\rtos_obj_creat.tmp_save
2025-08-04 21:53:19,201 [INFO] CodeEngine:287 - Generated code: C:\Users\jesfi\Desktop\STM-Projets\Projeto-ENGD33\Projeto-ENGD33\MXTmpFiles\rtos_obj_creat.tmp
2025-08-04 21:53:19,209 [INFO] CodeEngine:263 - oldGeneratedFile, C:\Users\jesfi\Desktop\STM-Projets\Projeto-ENGD33\Projeto-ENGD33\MXTmpFiles\rtos_default_thread.tmp_save
2025-08-04 21:53:19,261 [INFO] CodeEngine:287 - Generated code: C:\Users\jesfi\Desktop\STM-Projets\Projeto-ENGD33\Projeto-ENGD33\MXTmpFiles\rtos_default_thread.tmp
2025-08-04 21:53:19,268 [INFO] CodeEngine:263 - oldGeneratedFile, C:\Users\jesfi\Desktop\STM-Projets\Projeto-ENGD33\Projeto-ENGD33\MXTmpFiles\rtos_threads.tmp_save
2025-08-04 21:53:19,314 [INFO] CodeEngine:287 - Generated code: C:\Users\jesfi\Desktop\STM-Projets\Projeto-ENGD33\Projeto-ENGD33\MXTmpFiles\rtos_threads.tmp
2025-08-04 21:53:19,321 [INFO] CodeEngine:263 - oldGeneratedFile, C:\Users\jesfi\Desktop\STM-Projets\Projeto-ENGD33\Projeto-ENGD33\Core\Inc\FreeRTOSConfig.h_save
2025-08-04 21:53:19,385 [INFO] CodeEngine:287 - Generated code: C:\Users\jesfi\Desktop\STM-Projets\Projeto-ENGD33\Projeto-ENGD33\Core\Inc\FreeRTOSConfig.h
2025-08-04 21:53:19,394 [INFO] CodeEngine:263 - oldGeneratedFile, C:\Users\jesfi\Desktop\STM-Projets\Projeto-ENGD33\Projeto-ENGD33\Core\Src\freertos.c_save
2025-08-04 21:53:19,452 [INFO] CodeEngine:287 - Generated code: C:\Users\jesfi\Desktop\STM-Projets\Projeto-ENGD33\Projeto-ENGD33\Core\Src\freertos.c
2025-08-04 21:53:19,490 [INFO] CodeEngine:263 - oldGeneratedFile, C:\Users\jesfi\Desktop\STM-Projets\Projeto-ENGD33\Projeto-ENGD33\Core\Src\stm32f4xx_it.c_save
2025-08-04 21:53:19,637 [INFO] CodeEngine:287 - Generated code: C:\Users\jesfi\Desktop\STM-Projets\Projeto-ENGD33\Projeto-ENGD33\Core\Src\stm32f4xx_it.c
2025-08-04 21:53:19,643 [INFO] CodeEngine:263 - oldGeneratedFile, C:\Users\jesfi\Desktop\STM-Projets\Projeto-ENGD33\Projeto-ENGD33\Core\Inc\stm32f4xx_it.h_save
2025-08-04 21:53:19,692 [INFO] CodeEngine:287 - Generated code: C:\Users\jesfi\Desktop\STM-Projets\Projeto-ENGD33\Projeto-ENGD33\Core\Inc\stm32f4xx_it.h
2025-08-04 21:53:19,711 [INFO] CodeEngine:263 - oldGeneratedFile, C:\Users\jesfi\Desktop\STM-Projets\Projeto-ENGD33\Projeto-ENGD33\Core\Src\stm32f4xx_hal_msp.c_save
2025-08-04 21:53:19,805 [INFO] CodeEngine:287 - Generated code: C:\Users\jesfi\Desktop\STM-Projets\Projeto-ENGD33\Projeto-ENGD33\Core\Src\stm32f4xx_hal_msp.c
2025-08-04 21:53:19,810 [INFO] CodeEngine:263 - oldGeneratedFile, C:\Users\jesfi\Desktop\STM-Projets\Projeto-ENGD33\Projeto-ENGD33\MXTmpFiles\system.tmp_save
2025-08-04 21:53:19,855 [INFO] CodeEngine:287 - Generated code: C:\Users\jesfi\Desktop\STM-Projets\Projeto-ENGD33\Projeto-ENGD33\MXTmpFiles\system.tmp
2025-08-04 21:53:19,868 [INFO] CodeEngine:319 - oldGeneratedFile, C:\Users\jesfi\Desktop\STM-Projets\Projeto-ENGD33\Projeto-ENGD33\Core\Inc\stm32f4xx_hal_conf.h_save
2025-08-04 21:53:19,923 [INFO] CodeEngine:343 - Generated code: C:\Users\jesfi\Desktop\STM-Projets\Projeto-ENGD33\Projeto-ENGD33\Core\Inc\stm32f4xx_hal_conf.h
2025-08-04 21:53:19,946 [WARN] IPConfigManager:3790 - IP not found : TIM
2025-08-04 21:53:19,947 [WARN] CodeGenerator:4198 - IP not found : null
2025-08-04 21:53:19,957 [INFO] CodeEngine:263 - oldGeneratedFile, C:\Users\jesfi\Desktop\STM-Projets\Projeto-ENGD33\Projeto-ENGD33\Core\Inc\main.h_save
2025-08-04 21:53:20,023 [INFO] CodeEngine:287 - Generated code: C:\Users\jesfi\Desktop\STM-Projets\Projeto-ENGD33\Projeto-ENGD33\Core\Inc\main.h
2025-08-04 21:53:20,030 [INFO] CodeEngine:263 - oldGeneratedFile, C:\Users\jesfi\Desktop\STM-Projets\Projeto-ENGD33\Projeto-ENGD33\Core\Src\main.c_save
2025-08-04 21:53:20,160 [INFO] CodeEngine:287 - Generated code: C:\Users\jesfi\Desktop\STM-Projets\Projeto-ENGD33\Projeto-ENGD33\Core\Src\main.c
2025-08-04 21:53:20,785 [INFO] ProjectBuilder:3324 - Time for Copy HAL[1] : 438mS.
2025-08-04 21:53:20,794 [INFO] ProjectBuilder:4912 - Project Generator version: 4.6.0.1-B1
2025-08-04 21:53:20,887 [INFO] ConfigFileManager:1590 - The Die is : DIE431
2025-08-04 21:53:22,142 [INFO] ProjectBuilder:5191 - Time for Generating toolchain IDE Files: 1346mS.
2025-08-04 21:53:22,144 [INFO] ProjectBuilder:3181 - Time for Copy CMSIS : 1mS.
2025-08-04 21:53:22,153 [INFO] ProjectBuilder:3181 - Time for Copy CMSIS : 0mS.
2025-08-04 22:00:16,352 [INFO] NvicIntPanel:101 - NVIC parent = com.st.microxplorer.plugins.ip.nvic.MultiNvicIntPanel[,0,0,0x0,invalid,layout=javax.swing.BoxLayout,alignmentX=0.0,alignmentY=0.0,border=,flags=9,maximumSize=,minimumSize=,preferredSize=]
2025-08-04 23:43:03,568 [INFO] WebApp:194 - Connection lost
2025-08-04 23:43:04,043 [INFO] WebApp:191 - Connection restablished
