2025-07-16 12:29:34,987 [WARN] IP:2250 - I2C_Coeff_DF not found: check if there is a RefParameter without a condition.
2025-07-16 12:29:35,010 [WARN] IP:2250 - Analog_Filter not found: check if there is a RefParameter without a condition.
2025-07-16 12:29:35,013 [WARN] IP:2250 - I2C_Coeff_DF not found: check if there is a RefParameter without a condition.
2025-07-16 12:29:35,013 [WARN] IP:2250 - Analog_Filter not found: check if there is a RefParameter without a condition.
2025-07-16 12:29:35,253 [WARN] IP:2250 - I2C_Coeff_DF not found: check if there is a RefParameter without a condition.
2025-07-16 12:29:35,253 [WARN] IP:2250 - Analog_Filter not found: check if there is a RefParameter without a condition.
2025-07-16 12:29:35,254 [WARN] IP:2250 - I2C_Coeff_DF not found: check if there is a RefParameter without a condition.
2025-07-16 12:29:35,254 [WARN] IP:2250 - Analog_Filter not found: check if there is a RefParameter without a condition.
2025-07-16 12:29:35,432 [WARN] IP:2250 - I2C_Coeff_DF not found: check if there is a RefParameter without a condition.
2025-07-16 12:29:35,432 [WARN] IP:2250 - Analog_Filter not found: check if there is a RefParameter without a condition.
2025-07-16 12:29:35,432 [WARN] IP:2250 - I2C_Coeff_DF not found: check if there is a RefParameter without a condition.
2025-07-16 12:29:35,433 [WARN] IP:2250 - Analog_Filter not found: check if there is a RefParameter without a condition.
2025-07-16 12:29:43,374 [WARN] IP:2250 - I2C_Coeff_DF not found: check if there is a RefParameter without a condition.
2025-07-16 12:29:43,375 [WARN] IP:2250 - Analog_Filter not found: check if there is a RefParameter without a condition.
2025-07-16 12:29:43,375 [WARN] IP:2250 - I2C_Coeff_DF not found: check if there is a RefParameter without a condition.
2025-07-16 12:29:43,375 [WARN] IP:2250 - Analog_Filter not found: check if there is a RefParameter without a condition.
2025-07-16 12:29:43,469 [WARN] IP:2250 - I2C_Coeff_DF not found: check if there is a RefParameter without a condition.
2025-07-16 12:29:43,469 [WARN] IP:2250 - Analog_Filter not found: check if there is a RefParameter without a condition.
2025-07-16 12:29:43,470 [WARN] IP:2250 - I2C_Coeff_DF not found: check if there is a RefParameter without a condition.
2025-07-16 12:29:43,470 [WARN] IP:2250 - Analog_Filter not found: check if there is a RefParameter without a condition.
2025-07-16 12:29:43,601 [WARN] IP:2250 - I2C_Coeff_DF not found: check if there is a RefParameter without a condition.
2025-07-16 12:29:43,601 [WARN] IP:2250 - Analog_Filter not found: check if there is a RefParameter without a condition.
2025-07-16 12:29:43,601 [WARN] IP:2250 - I2C_Coeff_DF not found: check if there is a RefParameter without a condition.
2025-07-16 12:29:43,601 [WARN] IP:2250 - Analog_Filter not found: check if there is a RefParameter without a condition.
2025-07-16 12:29:51,747 [WARN] IP:2250 - I2C_Coeff_DF not found: check if there is a RefParameter without a condition.
2025-07-16 12:29:51,747 [WARN] IP:2250 - Analog_Filter not found: check if there is a RefParameter without a condition.
2025-07-16 12:29:51,747 [WARN] IP:2250 - I2C_Coeff_DF not found: check if there is a RefParameter without a condition.
2025-07-16 12:29:51,747 [WARN] IP:2250 - Analog_Filter not found: check if there is a RefParameter without a condition.
2025-07-16 12:29:51,835 [WARN] IP:2250 - I2C_Coeff_DF not found: check if there is a RefParameter without a condition.
2025-07-16 12:29:51,835 [WARN] IP:2250 - Analog_Filter not found: check if there is a RefParameter without a condition.
2025-07-16 12:29:51,836 [WARN] IP:2250 - I2C_Coeff_DF not found: check if there is a RefParameter without a condition.
2025-07-16 12:29:51,836 [WARN] IP:2250 - Analog_Filter not found: check if there is a RefParameter without a condition.
2025-07-16 12:29:51,970 [WARN] IP:2250 - I2C_Coeff_DF not found: check if there is a RefParameter without a condition.
2025-07-16 12:29:51,970 [WARN] IP:2250 - Analog_Filter not found: check if there is a RefParameter without a condition.
2025-07-16 12:29:51,971 [WARN] IP:2250 - I2C_Coeff_DF not found: check if there is a RefParameter without a condition.
2025-07-16 12:29:51,971 [WARN] IP:2250 - Analog_Filter not found: check if there is a RefParameter without a condition.
2025-07-16 12:30:00,564 [WARN] IP:2250 - I2C_Coeff_DF not found: check if there is a RefParameter without a condition.
2025-07-16 12:30:00,565 [WARN] IP:2250 - Analog_Filter not found: check if there is a RefParameter without a condition.
2025-07-16 12:30:00,566 [WARN] IP:2250 - I2C_Coeff_DF not found: check if there is a RefParameter without a condition.
2025-07-16 12:30:00,566 [WARN] IP:2250 - Analog_Filter not found: check if there is a RefParameter without a condition.
2025-07-16 12:30:00,697 [WARN] IP:2250 - I2C_Coeff_DF not found: check if there is a RefParameter without a condition.
2025-07-16 12:30:00,697 [WARN] IP:2250 - Analog_Filter not found: check if there is a RefParameter without a condition.
2025-07-16 12:30:00,697 [WARN] IP:2250 - I2C_Coeff_DF not found: check if there is a RefParameter without a condition.
2025-07-16 12:30:00,699 [WARN] IP:2250 - Analog_Filter not found: check if there is a RefParameter without a condition.
2025-07-16 12:30:00,830 [WARN] IP:2250 - I2C_Coeff_DF not found: check if there is a RefParameter without a condition.
2025-07-16 12:30:00,830 [WARN] IP:2250 - Analog_Filter not found: check if there is a RefParameter without a condition.
2025-07-16 12:30:00,830 [WARN] IP:2250 - I2C_Coeff_DF not found: check if there is a RefParameter without a condition.
2025-07-16 12:30:00,830 [WARN] IP:2250 - Analog_Filter not found: check if there is a RefParameter without a condition.
2025-07-16 12:33:21,634 [INFO] UtilMem:75 - End SaveConfig() Used Memory: 482591520 Bytes (528482304)
2025-07-16 12:33:23,439 [INFO] UtilMem:75 - End SaveConfig() Used Memory: 216837280 Bytes (528482304)
2025-07-16 12:33:23,790 [INFO] UtilMem:75 - End SaveConfig() Used Memory: 309173744 Bytes (528482304)
2025-07-16 12:33:27,303 [INFO] BlockDiagram:2775 - set Specific Code input for plugin: RTC
2025-07-16 12:33:27,303 [INFO] BlockDiagram:2775 - set Specific Code input for plugin: SPI
2025-07-16 12:33:27,303 [INFO] BlockDiagram:2775 - set Specific Code input for plugin: NVIC
2025-07-16 12:33:27,304 [INFO] BlockDiagram:2775 - set Specific Code input for plugin: USART
2025-07-16 12:33:27,304 [INFO] BlockDiagram:2775 - set Specific Code input for plugin: FREERTOS
2025-07-16 12:33:27,304 [INFO] BlockDiagram:2775 - set Specific Code input for plugin: USART
2025-07-16 12:33:27,304 [INFO] BlockDiagram:2775 - set Specific Code input for plugin: TIM1_8
2025-07-16 12:33:27,304 [INFO] BlockDiagram:2775 - set Specific Code input for plugin: TIM1_8
2025-07-16 12:33:27,304 [INFO] BlockDiagram:2775 - set Specific Code input for plugin: TIM1_8
2025-07-16 12:33:27,304 [INFO] BlockDiagram:2775 - set Specific Code input for plugin: TIM1_8
2025-07-16 12:33:27,304 [INFO] BlockDiagram:2775 - set Specific Code input for plugin: SYS
2025-07-16 12:33:27,305 [INFO] BlockDiagram:2775 - set Specific Code input for plugin: GPIO
2025-07-16 12:33:27,305 [INFO] BlockDiagram:2775 - set Specific Code input for plugin: ADC
2025-07-16 12:33:27,306 [INFO] BlockDiagram:2775 - set Specific Code input for plugin: RCC
2025-07-16 12:33:27,306 [INFO] BlockDiagram:2775 - set Specific Code input for plugin: I2C
2025-07-16 12:33:27,307 [INFO] CodeGenerator:882 - code generatio: config db path: C:\Program Files\STMicroelectronics\STM32Cube\STM32CubeIDE_1.18.0\STM32CubeIDE\..\..\..\..\..\Users\jesfi\.eclipse\com.st.stm32cube.ide.mcu.rcp.product_1.18.0_2086139113_win32_win32_x86_64\plugins\com.st.stm32cube.common.mx_6.14.1.202504091515\\db\
2025-07-16 12:33:27,328 [WARN] IP:2250 - I2C_Coeff_DF not found: check if there is a RefParameter without a condition.
2025-07-16 12:33:27,328 [WARN] IP:2250 - Analog_Filter not found: check if there is a RefParameter without a condition.
2025-07-16 12:33:27,572 [INFO] CodeEngine:263 - oldGeneratedFile, C:\Users\jesfi\Desktop\STM-Projets\Projeto-ENGD33\Projeto-ENGD33\MXTmpFiles\license.tmp_save
2025-07-16 12:33:27,923 [INFO] CodeEngine:287 - Generated code: C:\Users\jesfi\Desktop\STM-Projets\Projeto-ENGD33\Projeto-ENGD33\MXTmpFiles\license.tmp
2025-07-16 12:33:28,020 [INFO] CodeEngine:263 - oldGeneratedFile, C:\Users\jesfi\Desktop\STM-Projets\Projeto-ENGD33\Projeto-ENGD33\MXTmpFiles\gpio.tmp_save
2025-07-16 12:33:28,150 [INFO] CodeEngine:287 - Generated code: C:\Users\jesfi\Desktop\STM-Projets\Projeto-ENGD33\Projeto-ENGD33\MXTmpFiles\gpio.tmp
2025-07-16 12:33:28,688 [INFO] Middleware:1452 - No code input for Bsp Dependency
2025-07-16 12:33:28,698 [INFO] CodeEngine:263 - oldGeneratedFile, C:\Users\jesfi\Desktop\STM-Projets\Projeto-ENGD33\Projeto-ENGD33\MXTmpFiles\rtos_inc.tmp_save
2025-07-16 12:33:28,793 [INFO] CodeEngine:287 - Generated code: C:\Users\jesfi\Desktop\STM-Projets\Projeto-ENGD33\Projeto-ENGD33\MXTmpFiles\rtos_inc.tmp
2025-07-16 12:33:28,803 [INFO] CodeEngine:263 - oldGeneratedFile, C:\Users\jesfi\Desktop\STM-Projets\Projeto-ENGD33\Projeto-ENGD33\MXTmpFiles\rtos_kernelInit.tmp_save
2025-07-16 12:33:28,902 [INFO] CodeEngine:287 - Generated code: C:\Users\jesfi\Desktop\STM-Projets\Projeto-ENGD33\Projeto-ENGD33\MXTmpFiles\rtos_kernelInit.tmp
2025-07-16 12:33:28,910 [INFO] CodeEngine:263 - oldGeneratedFile, C:\Users\jesfi\Desktop\STM-Projets\Projeto-ENGD33\Projeto-ENGD33\MXTmpFiles\rtos_kernelStart.tmp_save
2025-07-16 12:33:28,983 [INFO] CodeEngine:287 - Generated code: C:\Users\jesfi\Desktop\STM-Projets\Projeto-ENGD33\Projeto-ENGD33\MXTmpFiles\rtos_kernelStart.tmp
2025-07-16 12:33:28,992 [INFO] CodeEngine:263 - oldGeneratedFile, C:\Users\jesfi\Desktop\STM-Projets\Projeto-ENGD33\Projeto-ENGD33\MXTmpFiles\rtos_typedefs.tmp_save
2025-07-16 12:33:29,066 [INFO] CodeEngine:287 - Generated code: C:\Users\jesfi\Desktop\STM-Projets\Projeto-ENGD33\Projeto-ENGD33\MXTmpFiles\rtos_typedefs.tmp
2025-07-16 12:33:29,077 [INFO] CodeEngine:263 - oldGeneratedFile, C:\Users\jesfi\Desktop\STM-Projets\Projeto-ENGD33\Projeto-ENGD33\MXTmpFiles\rtos_vars.tmp_save
2025-07-16 12:33:29,141 [INFO] CodeEngine:287 - Generated code: C:\Users\jesfi\Desktop\STM-Projets\Projeto-ENGD33\Projeto-ENGD33\MXTmpFiles\rtos_vars.tmp
2025-07-16 12:33:29,149 [INFO] CodeEngine:263 - oldGeneratedFile, C:\Users\jesfi\Desktop\STM-Projets\Projeto-ENGD33\Projeto-ENGD33\MXTmpFiles\rtos_pfp.tmp_save
2025-07-16 12:33:29,201 [INFO] CodeEngine:287 - Generated code: C:\Users\jesfi\Desktop\STM-Projets\Projeto-ENGD33\Projeto-ENGD33\MXTmpFiles\rtos_pfp.tmp
2025-07-16 12:33:29,207 [INFO] CodeEngine:263 - oldGeneratedFile, C:\Users\jesfi\Desktop\STM-Projets\Projeto-ENGD33\Projeto-ENGD33\MXTmpFiles\rtos_obj_creat.tmp_save
2025-07-16 12:33:29,261 [INFO] CodeEngine:287 - Generated code: C:\Users\jesfi\Desktop\STM-Projets\Projeto-ENGD33\Projeto-ENGD33\MXTmpFiles\rtos_obj_creat.tmp
2025-07-16 12:33:29,266 [INFO] CodeEngine:263 - oldGeneratedFile, C:\Users\jesfi\Desktop\STM-Projets\Projeto-ENGD33\Projeto-ENGD33\MXTmpFiles\rtos_default_thread.tmp_save
2025-07-16 12:33:29,317 [INFO] CodeEngine:287 - Generated code: C:\Users\jesfi\Desktop\STM-Projets\Projeto-ENGD33\Projeto-ENGD33\MXTmpFiles\rtos_default_thread.tmp
2025-07-16 12:33:29,322 [INFO] CodeEngine:263 - oldGeneratedFile, C:\Users\jesfi\Desktop\STM-Projets\Projeto-ENGD33\Projeto-ENGD33\MXTmpFiles\rtos_threads.tmp_save
2025-07-16 12:33:29,370 [INFO] CodeEngine:287 - Generated code: C:\Users\jesfi\Desktop\STM-Projets\Projeto-ENGD33\Projeto-ENGD33\MXTmpFiles\rtos_threads.tmp
2025-07-16 12:33:29,402 [INFO] Middleware:1452 - No code input for Bsp Dependency
2025-07-16 12:33:29,412 [INFO] CodeEngine:263 - oldGeneratedFile, C:\Users\jesfi\Desktop\STM-Projets\Projeto-ENGD33\Projeto-ENGD33\MXTmpFiles\rtos_inc.tmp_save
2025-07-16 12:33:29,461 [INFO] CodeEngine:287 - Generated code: C:\Users\jesfi\Desktop\STM-Projets\Projeto-ENGD33\Projeto-ENGD33\MXTmpFiles\rtos_inc.tmp
2025-07-16 12:33:29,467 [INFO] CodeEngine:263 - oldGeneratedFile, C:\Users\jesfi\Desktop\STM-Projets\Projeto-ENGD33\Projeto-ENGD33\MXTmpFiles\rtos_kernelInit.tmp_save
2025-07-16 12:33:29,518 [INFO] CodeEngine:287 - Generated code: C:\Users\jesfi\Desktop\STM-Projets\Projeto-ENGD33\Projeto-ENGD33\MXTmpFiles\rtos_kernelInit.tmp
2025-07-16 12:33:29,523 [INFO] CodeEngine:263 - oldGeneratedFile, C:\Users\jesfi\Desktop\STM-Projets\Projeto-ENGD33\Projeto-ENGD33\MXTmpFiles\rtos_kernelStart.tmp_save
2025-07-16 12:33:29,571 [INFO] CodeEngine:287 - Generated code: C:\Users\jesfi\Desktop\STM-Projets\Projeto-ENGD33\Projeto-ENGD33\MXTmpFiles\rtos_kernelStart.tmp
2025-07-16 12:33:29,578 [INFO] CodeEngine:263 - oldGeneratedFile, C:\Users\jesfi\Desktop\STM-Projets\Projeto-ENGD33\Projeto-ENGD33\MXTmpFiles\rtos_typedefs.tmp_save
2025-07-16 12:33:29,627 [INFO] CodeEngine:287 - Generated code: C:\Users\jesfi\Desktop\STM-Projets\Projeto-ENGD33\Projeto-ENGD33\MXTmpFiles\rtos_typedefs.tmp
2025-07-16 12:33:29,633 [INFO] CodeEngine:263 - oldGeneratedFile, C:\Users\jesfi\Desktop\STM-Projets\Projeto-ENGD33\Projeto-ENGD33\MXTmpFiles\rtos_vars.tmp_save
2025-07-16 12:33:29,683 [INFO] CodeEngine:287 - Generated code: C:\Users\jesfi\Desktop\STM-Projets\Projeto-ENGD33\Projeto-ENGD33\MXTmpFiles\rtos_vars.tmp
2025-07-16 12:33:29,690 [INFO] CodeEngine:263 - oldGeneratedFile, C:\Users\jesfi\Desktop\STM-Projets\Projeto-ENGD33\Projeto-ENGD33\MXTmpFiles\rtos_pfp.tmp_save
2025-07-16 12:33:29,743 [INFO] CodeEngine:287 - Generated code: C:\Users\jesfi\Desktop\STM-Projets\Projeto-ENGD33\Projeto-ENGD33\MXTmpFiles\rtos_pfp.tmp
2025-07-16 12:33:29,753 [INFO] CodeEngine:263 - oldGeneratedFile, C:\Users\jesfi\Desktop\STM-Projets\Projeto-ENGD33\Projeto-ENGD33\MXTmpFiles\rtos_obj_creat.tmp_save
2025-07-16 12:33:29,822 [INFO] CodeEngine:287 - Generated code: C:\Users\jesfi\Desktop\STM-Projets\Projeto-ENGD33\Projeto-ENGD33\MXTmpFiles\rtos_obj_creat.tmp
2025-07-16 12:33:29,832 [INFO] CodeEngine:263 - oldGeneratedFile, C:\Users\jesfi\Desktop\STM-Projets\Projeto-ENGD33\Projeto-ENGD33\MXTmpFiles\rtos_default_thread.tmp_save
2025-07-16 12:33:29,889 [INFO] CodeEngine:287 - Generated code: C:\Users\jesfi\Desktop\STM-Projets\Projeto-ENGD33\Projeto-ENGD33\MXTmpFiles\rtos_default_thread.tmp
2025-07-16 12:33:29,896 [INFO] CodeEngine:263 - oldGeneratedFile, C:\Users\jesfi\Desktop\STM-Projets\Projeto-ENGD33\Projeto-ENGD33\MXTmpFiles\rtos_threads.tmp_save
2025-07-16 12:33:29,950 [INFO] CodeEngine:287 - Generated code: C:\Users\jesfi\Desktop\STM-Projets\Projeto-ENGD33\Projeto-ENGD33\MXTmpFiles\rtos_threads.tmp
2025-07-16 12:33:29,960 [INFO] CodeEngine:263 - oldGeneratedFile, C:\Users\jesfi\Desktop\STM-Projets\Projeto-ENGD33\Projeto-ENGD33\Core\Inc\FreeRTOSConfig.h_save
2025-07-16 12:33:30,052 [INFO] CodeEngine:287 - Generated code: C:\Users\jesfi\Desktop\STM-Projets\Projeto-ENGD33\Projeto-ENGD33\Core\Inc\FreeRTOSConfig.h
2025-07-16 12:33:30,067 [INFO] CodeEngine:263 - oldGeneratedFile, C:\Users\jesfi\Desktop\STM-Projets\Projeto-ENGD33\Projeto-ENGD33\Core\Src\freertos.c_save
2025-07-16 12:33:30,145 [INFO] CodeEngine:287 - Generated code: C:\Users\jesfi\Desktop\STM-Projets\Projeto-ENGD33\Projeto-ENGD33\Core\Src\freertos.c
2025-07-16 12:33:30,182 [INFO] CodeEngine:263 - oldGeneratedFile, C:\Users\jesfi\Desktop\STM-Projets\Projeto-ENGD33\Projeto-ENGD33\Core\Src\stm32f4xx_it.c_save
2025-07-16 12:33:30,312 [INFO] CodeEngine:287 - Generated code: C:\Users\jesfi\Desktop\STM-Projets\Projeto-ENGD33\Projeto-ENGD33\Core\Src\stm32f4xx_it.c
2025-07-16 12:33:30,321 [INFO] CodeEngine:263 - oldGeneratedFile, C:\Users\jesfi\Desktop\STM-Projets\Projeto-ENGD33\Projeto-ENGD33\Core\Inc\stm32f4xx_it.h_save
2025-07-16 12:33:30,378 [INFO] CodeEngine:287 - Generated code: C:\Users\jesfi\Desktop\STM-Projets\Projeto-ENGD33\Projeto-ENGD33\Core\Inc\stm32f4xx_it.h
2025-07-16 12:33:30,402 [INFO] CodeEngine:263 - oldGeneratedFile, C:\Users\jesfi\Desktop\STM-Projets\Projeto-ENGD33\Projeto-ENGD33\Core\Src\stm32f4xx_hal_msp.c_save
2025-07-16 12:33:30,518 [INFO] CodeEngine:287 - Generated code: C:\Users\jesfi\Desktop\STM-Projets\Projeto-ENGD33\Projeto-ENGD33\Core\Src\stm32f4xx_hal_msp.c
2025-07-16 12:33:30,526 [INFO] CodeEngine:263 - oldGeneratedFile, C:\Users\jesfi\Desktop\STM-Projets\Projeto-ENGD33\Projeto-ENGD33\MXTmpFiles\system.tmp_save
2025-07-16 12:33:30,575 [INFO] CodeEngine:287 - Generated code: C:\Users\jesfi\Desktop\STM-Projets\Projeto-ENGD33\Projeto-ENGD33\MXTmpFiles\system.tmp
2025-07-16 12:33:30,594 [INFO] CodeEngine:319 - oldGeneratedFile, C:\Users\jesfi\Desktop\STM-Projets\Projeto-ENGD33\Projeto-ENGD33\Core\Inc\stm32f4xx_hal_conf.h_save
2025-07-16 12:33:30,653 [INFO] CodeEngine:343 - Generated code: C:\Users\jesfi\Desktop\STM-Projets\Projeto-ENGD33\Projeto-ENGD33\Core\Inc\stm32f4xx_hal_conf.h
2025-07-16 12:33:30,690 [INFO] ApiDbMcu:508 - Load IP Config File for ADC1
2025-07-16 12:33:30,693 [INFO] ApiDbMcu:508 - Load IP Config File for I2C1
2025-07-16 12:33:30,697 [INFO] ApiDbMcu:508 - Load IP Config File for RTC
2025-07-16 12:33:30,699 [INFO] ApiDbMcu:508 - Load IP Config File for SPI1
2025-07-16 12:33:30,709 [INFO] ApiDbMcu:508 - Load IP Config File for TIM1
2025-07-16 12:33:30,716 [INFO] ApiDbMcu:508 - Load IP Config File for TIM3
2025-07-16 12:33:30,725 [INFO] ApiDbMcu:508 - Load IP Config File for TIM4
2025-07-16 12:33:30,732 [INFO] ApiDbMcu:508 - Load IP Config File for TIM5
2025-07-16 12:33:30,737 [INFO] ApiDbMcu:508 - Load IP Config File for USART2
2025-07-16 12:33:30,741 [INFO] ApiDbMcu:508 - Load IP Config File for USART6
2025-07-16 12:33:30,744 [INFO] ApiDbMcu:508 - Load IP Config File for RCC
2025-07-16 12:33:30,747 [WARN] IPConfigManager:3790 - IP not found : TIM
2025-07-16 12:33:30,749 [WARN] CodeGenerator:4198 - IP not found : null
2025-07-16 12:33:30,759 [INFO] CodeEngine:263 - oldGeneratedFile, C:\Users\jesfi\Desktop\STM-Projets\Projeto-ENGD33\Projeto-ENGD33\Core\Inc\main.h_save
2025-07-16 12:33:30,835 [INFO] CodeEngine:287 - Generated code: C:\Users\jesfi\Desktop\STM-Projets\Projeto-ENGD33\Projeto-ENGD33\Core\Inc\main.h
2025-07-16 12:33:30,844 [INFO] CodeEngine:263 - oldGeneratedFile, C:\Users\jesfi\Desktop\STM-Projets\Projeto-ENGD33\Projeto-ENGD33\Core\Src\main.c_save
2025-07-16 12:33:31,017 [INFO] CodeEngine:287 - Generated code: C:\Users\jesfi\Desktop\STM-Projets\Projeto-ENGD33\Projeto-ENGD33\Core\Src\main.c
2025-07-16 12:33:31,661 [INFO] ProjectBuilder:3324 - Time for Copy HAL[1] : 434mS.
2025-07-16 12:33:31,673 [INFO] ProjectBuilder:4912 - Project Generator version: 4.6.0.1-B1
2025-07-16 12:33:31,767 [INFO] ConfigFileManager:1590 - The Die is : DIE431
2025-07-16 12:33:31,777 [INFO] ApiDbMcu:508 - Load IP Config File for FATFS
2025-07-16 12:33:31,781 [INFO] ApiDbMcu:508 - Load IP Config File for LIBJPEG
2025-07-16 12:33:31,791 [INFO] ApiDbMcu:508 - Load IP Config File for MBEDTLS
2025-07-16 12:33:31,802 [INFO] ApiDbMcu:508 - Load IP Config File for USB_DEVICE
2025-07-16 12:33:31,806 [INFO] ApiDbMcu:508 - Load IP Config File for USB_HOST
