2025-09-20 14:02:40,439 [INFO] MainUpdater:2872 - connection check result : 10
2025-09-20 14:02:40,464 [INFO] MainUpdater:2872 - connection check result : 10
2025-09-20 14:02:40,954 [INFO] MicroXplorer:468 - Change Database Path : 
2025-09-20 14:02:40,955 [INFO] MicroXplorer:498 - Change Database Version : DB.6.0.141
2025-09-20 14:02:41,046 [ERROR] ProjectManagerView:395 - 
java.lang.NullPointerException: Cannot invoke "javax.swing.JTextField.getText()" because the return value of "java.util.List.get(int)" is null
	at com.st.microxplorer.plugins.projectmanager.gui.ProjectChoiceTab$9.caretUpdate(ProjectChoiceTab.java:2678) ~[filemanager.jar:?]
	at javax.swing.text.JTextComponent.fireCaretUpdate(JTextComponent.java:408) ~[?:?]
	at javax.swing.text.JTextComponent$MutableCaretEvent.fire(JTextComponent.java:4484) ~[?:?]
	at javax.swing.text.JTextComponent$MutableCaretEvent.stateChanged(JTextComponent.java:4506) ~[?:?]
	at javax.swing.text.DefaultCaret.fireStateChanged(DefaultCaret.java:857) ~[?:?]
	at javax.swing.text.DefaultCaret.changeCaretPosition(DefaultCaret.java:1343) ~[?:?]
	at javax.swing.text.DefaultCaret.handleSetDot(DefaultCaret.java:1242) ~[?:?]
	at javax.swing.text.DefaultCaret.setDot(DefaultCaret.java:1223) ~[?:?]
	at javax.swing.text.DefaultCaret$Handler.insertUpdate(DefaultCaret.java:1819) ~[?:?]
	at javax.swing.text.AbstractDocument.fireInsertUpdate(AbstractDocument.java:227) ~[?:?]
	at javax.swing.text.AbstractDocument.handleInsertString(AbstractDocument.java:781) ~[?:?]
	at javax.swing.text.AbstractDocument.insertString(AbstractDocument.java:740) ~[?:?]
	at javax.swing.text.PlainDocument.insertString(PlainDocument.java:131) ~[?:?]
	at javax.swing.text.AbstractDocument.replace(AbstractDocument.java:699) ~[?:?]
	at javax.swing.text.JTextComponent.setText(JTextComponent.java:1725) ~[?:?]
	at com.st.microxplorer.plugins.projectmanager.gui.ProjectChoiceTab.createHeapStackFields(ProjectChoiceTab.java:979) ~[filemanager.jar:?]
	at com.st.microxplorer.plugins.projectmanager.gui.ProjectChoiceTab.buildLinkSettingsPanel(ProjectChoiceTab.java:3766) ~[filemanager.jar:?]
	at com.st.microxplorer.plugins.projectmanager.gui.ProjectChoiceTab.defineWindowsFields(ProjectChoiceTab.java:1962) ~[filemanager.jar:?]
	at com.st.microxplorer.plugins.projectmanager.gui.ProjectChoiceTab.updateSettings(ProjectChoiceTab.java:555) ~[filemanager.jar:?]
	at com.st.microxplorer.plugins.projectmanager.gui.ProjectSettingsPanel.UpdateDialog(ProjectSettingsPanel.java:245) ~[filemanager.jar:?]
	at com.st.microxplorer.plugins.projectmanager.ProjectManagerView.propertyChange(ProjectManagerView.java:392) ~[filemanager.jar:?]
	at java.beans.PropertyChangeSupport.fire(PropertyChangeSupport.java:343) ~[?:?]
	at java.beans.PropertyChangeSupport.firePropertyChange(PropertyChangeSupport.java:335) ~[?:?]
	at java.beans.PropertyChangeSupport.firePropertyChange(PropertyChangeSupport.java:268) ~[?:?]
	at com.st.microxplorer.util.MXPropertyChangeSupport.firePropertyChange(MXPropertyChangeSupport.java:54) ~[STM32CubeMX.jar:?]
	at com.st.microxplorer.mxsystem.MxSystem.closeConfig(MxSystem.java:899) ~[STM32CubeMX.jar:?]
	at com.st.microxplorer.maingui.MainPanel.closeConfig(MainPanel.java:789) ~[STM32CubeMX.jar:?]
	at com.st.microxplorer.plugins.filemanager.engine.OpenFileManager.loadConfigurationFile(OpenFileManager.java:287) ~[filemanager.jar:?]
	at com.st.microxplorer.plugins.filemanager.engine.MainFileManager.userLoadConfig(MainFileManager.java:341) ~[filemanager.jar:?]
	at com.st.microxplorer.plugins.filemanager.engine.MainFileManager.userLoadConfig(MainFileManager.java:319) ~[filemanager.jar:?]
	at com.st.microxplorer.plugins.filemanager.FileManagerView.getSpecificTask(FileManagerView.java:246) ~[filemanager.jar:?]
	at com.st.stm32cube.common.mx.editor.CubeMxEditor.getMxTabbedPaneInstance(CubeMxEditor.java:1198) ~[com.st.stm32cube.common.mx_6.14.1.202504091515/:?]
	at com.st.stm32cube.common.mx.editor.CubeMxEditor$12$1.createSwingComponent(CubeMxEditor.java:1068) ~[com.st.stm32cube.common.mx_6.14.1.202504091515/:?]
	at com.st.stm32cube.common.mx.oss.core.awtswtbridge.EmbeddedSwingComposite.doComponentCreation(EmbeddedSwingComposite.java:492) ~[com.st.stm32cube.common.mx.oss_6.14.1.202504091515/:?]
	at com.st.stm32cube.common.mx.oss.core.awtswtbridge.EmbeddedSwingComposite$4.run(EmbeddedSwingComposite.java:291) ~[com.st.stm32cube.common.mx.oss_6.14.1.202504091515/:?]
	at com.st.stm32cube.common.mx.oss.core.awtswtbridge.AwtEnvironment$2.run(AwtEnvironment.java:166) ~[com.st.stm32cube.common.mx.oss_6.14.1.202504091515/:?]
	at java.awt.event.InvocationEvent.dispatch(InvocationEvent.java:318) ~[?:?]
	at java.awt.EventQueue.dispatchEventImpl(EventQueue.java:773) ~[?:?]
	at java.awt.EventQueue$4.run(EventQueue.java:720) ~[?:?]
	at java.awt.EventQueue$4.run(EventQueue.java:714) ~[?:?]
	at java.security.AccessController.doPrivileged(AccessController.java:400) ~[?:?]
	at java.security.ProtectionDomain$JavaSecurityAccessImpl.doIntersectionPrivilege(ProtectionDomain.java:87) ~[?:?]
	at java.awt.EventQueue.dispatchEvent(EventQueue.java:742) ~[?:?]
	at java.awt.EventDispatchThread.pumpOneEventForFilters(EventDispatchThread.java:203) ~[?:?]
	at java.awt.EventDispatchThread.pumpEventsForFilter(EventDispatchThread.java:124) ~[?:?]
	at java.awt.EventDispatchThread.pumpEventsForHierarchy(EventDispatchThread.java:113) ~[?:?]
	at java.awt.EventDispatchThread.pumpEvents(EventDispatchThread.java:109) ~[?:?]
	at java.awt.EventDispatchThread.pumpEvents(EventDispatchThread.java:101) ~[?:?]
	at java.awt.EventDispatchThread.run(EventDispatchThread.java:90) ~[?:?]
2025-09-20 14:02:41,069 [WARN] ThirdParty:871 - waiting for thirdparty lock release [close project]
2025-09-20 14:02:41,070 [INFO] ThirdParty:873 - entering critical section [close project]
2025-09-20 14:02:41,071 [INFO] ThirdParty:883 - exiting critical section [close project]
2025-09-20 14:02:41,076 [INFO] PinOutPanel:1589 - setPackage(No Configuration,No Configuration)
2025-09-20 14:02:41,135 [WARN] IpParametersView:155 - Warning: This peripheral hasn't parameters
2025-09-20 14:02:41,182 [WARN] MainPanel:289 - <html><b><center>Warning: This peripheral has no parameters to be configured<br></b></html>
2025-09-20 14:02:41,205 [INFO] UtilMem:75 - Begin LoadConfig() Used Memory: 742782688 Bytes (1073741824)
2025-09-20 14:02:41,207 [INFO] MicroXplorer:468 - Change Database Path : 
2025-09-20 14:02:41,207 [INFO] MicroXplorer:498 - Change Database Version : DB.6.0.141
2025-09-20 14:02:41,207 [INFO] OpenFileManager:354 - Change cursor
2025-09-20 14:02:41,230 [INFO] Mcu:2011 - Initializing MCU STM32F411C(C-E)Ux STM32F411CEUx STM32F411CEU6
2025-09-20 14:02:42,409 [INFO] Context:756 - Trying to add GPIOservice into a context  which must be forbidden
2025-09-20 14:02:42,821 [INFO] ImportTextPane:218 - (OptionalMessage_ERROR) Pin49 (VP_RIF_VS_RIF1) cannot be retrieved for this MCU
2025-09-20 14:02:42,875 [INFO] RtosManager:558 - Registered RTOS mode: class=CMSIS, group=RTOS, mode=CMSIS_V1, owner=FREERTOS
2025-09-20 14:02:42,875 [INFO] RtosManager:558 - Registered RTOS mode: class=CMSIS, group=RTOS2, mode=CMSIS_V2, owner=FREERTOS
2025-09-20 14:02:42,875 [INFO] RtosManager:558 - Registered RTOS mode: class=RTOS, group=Core, mode=CMSIS_V1, owner=FREERTOS
2025-09-20 14:02:42,875 [INFO] RtosManager:558 - Registered RTOS mode: class=RTOS, group=Core, mode=CMSIS_V2, owner=FREERTOS
2025-09-20 14:02:42,876 [WARN] ModelIntegratedComponent:184 - Missing modes for component STMicroelectronics:FreeRTOS:0.0.1:STMicroelectronics:RTOS:FreeRTOS:Core:::10.2.0:
2025-09-20 14:02:42,885 [WARN] ModelIntegratedComponent:182 - Modes not found for component STMicroelectronics:USB_HOST:1.0.0:STMicroelectronics:USB::USB Host:Audio HS::1.0:USB_HOST_1_0_RESTRICTED_HS
2025-09-20 14:02:42,885 [WARN] ModelIntegratedComponent:188 - Modes not found for component STMicroelectronics:USB_HOST:1.0.0:STMicroelectronics:USB::USB Host:Audio HS::1.0:USB_HOST_1_0_RESTRICTED_HS
2025-09-20 14:02:42,887 [WARN] ModelIntegratedComponent:182 - Modes not found for component STMicroelectronics:USB_HOST:1.0.0:STMicroelectronics:USB::USB Host:CDC HS::1.0:USB_HOST_1_0_RESTRICTED_HS
2025-09-20 14:02:42,887 [WARN] ModelIntegratedComponent:188 - Modes not found for component STMicroelectronics:USB_HOST:1.0.0:STMicroelectronics:USB::USB Host:CDC HS::1.0:USB_HOST_1_0_RESTRICTED_HS
2025-09-20 14:02:42,887 [WARN] ModelIntegratedComponent:182 - Modes not found for component STMicroelectronics:USB_HOST:1.0.0:STMicroelectronics:USB::USB Host:MSC HS::1.0:USB_HOST_1_0_RESTRICTED_HS
2025-09-20 14:02:42,887 [WARN] ModelIntegratedComponent:188 - Modes not found for component STMicroelectronics:USB_HOST:1.0.0:STMicroelectronics:USB::USB Host:MSC HS::1.0:USB_HOST_1_0_RESTRICTED_HS
2025-09-20 14:02:42,887 [WARN] ModelIntegratedComponent:182 - Modes not found for component STMicroelectronics:USB_HOST:1.0.0:STMicroelectronics:USB::USB Host:HID HS::1.0:USB_HOST_1_0_RESTRICTED_HS
2025-09-20 14:02:42,887 [WARN] ModelIntegratedComponent:188 - Modes not found for component STMicroelectronics:USB_HOST:1.0.0:STMicroelectronics:USB::USB Host:HID HS::1.0:USB_HOST_1_0_RESTRICTED_HS
2025-09-20 14:02:42,887 [WARN] ModelIntegratedComponent:182 - Modes not found for component STMicroelectronics:USB_HOST:1.0.0:STMicroelectronics:USB::USB Host:MTP HS::1.0:USB_HOST_1_0_RESTRICTED_HS
2025-09-20 14:02:42,887 [WARN] ModelIntegratedComponent:188 - Modes not found for component STMicroelectronics:USB_HOST:1.0.0:STMicroelectronics:USB::USB Host:MTP HS::1.0:USB_HOST_1_0_RESTRICTED_HS
2025-09-20 14:02:42,901 [WARN] ModelIntegratedComponent:63 - No mode defined for component null
2025-09-20 14:02:42,901 [WARN] ModelIntegratedComponent:63 - No mode defined for component null
2025-09-20 14:02:42,901 [WARN] ModelIntegratedComponent:63 - No mode defined for component null
2025-09-20 14:02:42,901 [WARN] ModelIntegratedComponent:63 - No mode defined for component null
2025-09-20 14:02:42,901 [WARN] ModelIntegratedComponent:63 - No mode defined for component null
2025-09-20 14:02:42,902 [WARN] ModelIntegratedComponent:63 - No mode defined for component null
2025-09-20 14:02:42,902 [WARN] ModelIntegratedComponent:63 - No mode defined for component null
2025-09-20 14:02:42,902 [WARN] ModelIntegratedComponent:63 - No mode defined for component null
2025-09-20 14:02:42,902 [WARN] ModelIntegratedComponent:63 - No mode defined for component null
2025-09-20 14:02:42,902 [WARN] ModelIntegratedComponent:63 - No mode defined for component null
2025-09-20 14:02:42,902 [WARN] ModelIntegratedComponent:63 - No mode defined for component null
2025-09-20 14:02:42,902 [WARN] ModelIntegratedComponent:63 - No mode defined for component null
2025-09-20 14:02:42,902 [WARN] ModelIntegratedComponent:63 - No mode defined for component null
2025-09-20 14:02:42,902 [WARN] ModelIntegratedComponent:63 - No mode defined for component null
2025-09-20 14:02:42,902 [WARN] ModelIntegratedComponent:63 - No mode defined for component null
2025-09-20 14:02:42,902 [WARN] ModelIntegratedComponent:63 - No mode defined for component null
2025-09-20 14:02:42,902 [WARN] ModelIntegratedComponent:63 - No mode defined for component null
2025-09-20 14:02:42,902 [WARN] ModelIntegratedComponent:63 - No mode defined for component null
2025-09-20 14:02:42,903 [WARN] ModelIntegratedComponent:63 - No mode defined for component null
2025-09-20 14:02:42,903 [WARN] ModelIntegratedComponent:63 - No mode defined for component null
2025-09-20 14:02:42,903 [WARN] ModelIntegratedComponent:63 - No mode defined for component null
2025-09-20 14:02:42,903 [WARN] ModelIntegratedComponent:63 - No mode defined for component null
2025-09-20 14:02:42,903 [WARN] ModelIntegratedComponent:63 - No mode defined for component null
2025-09-20 14:02:42,904 [WARN] ModelIntegratedComponent:63 - No mode defined for component null
2025-09-20 14:02:42,904 [WARN] ModelIntegratedComponent:63 - No mode defined for component null
2025-09-20 14:02:42,904 [WARN] ModelIntegratedComponent:63 - No mode defined for component null
2025-09-20 14:02:42,904 [WARN] ModelIntegratedComponent:63 - No mode defined for component null
2025-09-20 14:02:42,904 [WARN] ModelIntegratedComponent:63 - No mode defined for component null
2025-09-20 14:02:42,904 [WARN] ModelIntegratedComponent:63 - No mode defined for component null
2025-09-20 14:02:42,904 [WARN] ModelIntegratedComponent:63 - No mode defined for component null
2025-09-20 14:02:42,904 [WARN] ModelIntegratedComponent:63 - No mode defined for component null
2025-09-20 14:02:42,904 [WARN] ModelIntegratedComponent:63 - No mode defined for component null
2025-09-20 14:02:42,904 [WARN] ModelIntegratedComponent:63 - No mode defined for component null
2025-09-20 14:02:42,904 [WARN] ModelIntegratedComponent:63 - No mode defined for component null
2025-09-20 14:02:42,904 [WARN] ModelIntegratedComponent:63 - No mode defined for component null
2025-09-20 14:02:42,904 [WARN] ModelPack:524 - Component already loaded: STMicroelectronics:HAL Drivers:0.0.0:STMicroelectronics:Device:STMicro_Driver:XSPI:HAL::0.0.1:HAL_XSPI
2025-09-20 14:02:42,976 [WARN] ModelIntegratedComponent:182 - Modes not found for component STMicroelectronics:USB_DEVICE:1.0.0:STMicroelectronics:USB::USB Device:Audio HS::1.0:USB_DEVICE_1_0_RESTRICTED_HS
2025-09-20 14:02:42,977 [WARN] ModelIntegratedComponent:188 - Modes not found for component STMicroelectronics:USB_DEVICE:1.0.0:STMicroelectronics:USB::USB Device:Audio HS::1.0:USB_DEVICE_1_0_RESTRICTED_HS
2025-09-20 14:02:42,977 [WARN] ModelIntegratedComponent:182 - Modes not found for component STMicroelectronics:USB_DEVICE:1.0.0:STMicroelectronics:USB::USB Device:CDC HS::1.0:USB_DEVICE_1_0_RESTRICTED_HS
2025-09-20 14:02:42,977 [WARN] ModelIntegratedComponent:188 - Modes not found for component STMicroelectronics:USB_DEVICE:1.0.0:STMicroelectronics:USB::USB Device:CDC HS::1.0:USB_DEVICE_1_0_RESTRICTED_HS
2025-09-20 14:02:42,977 [WARN] ModelIntegratedComponent:182 - Modes not found for component STMicroelectronics:USB_DEVICE:1.0.0:STMicroelectronics:USB::USB Device:DFU HS::1.0:USB_DEVICE_1_0_RESTRICTED_HS
2025-09-20 14:02:42,977 [WARN] ModelIntegratedComponent:188 - Modes not found for component STMicroelectronics:USB_DEVICE:1.0.0:STMicroelectronics:USB::USB Device:DFU HS::1.0:USB_DEVICE_1_0_RESTRICTED_HS
2025-09-20 14:02:42,977 [WARN] ModelIntegratedComponent:182 - Modes not found for component STMicroelectronics:USB_DEVICE:1.0.0:STMicroelectronics:USB::USB Device:HID HS::1.0:USB_DEVICE_1_0_RESTRICTED_HS
2025-09-20 14:02:42,977 [WARN] ModelIntegratedComponent:188 - Modes not found for component STMicroelectronics:USB_DEVICE:1.0.0:STMicroelectronics:USB::USB Device:HID HS::1.0:USB_DEVICE_1_0_RESTRICTED_HS
2025-09-20 14:02:42,977 [WARN] ModelIntegratedComponent:182 - Modes not found for component STMicroelectronics:USB_DEVICE:1.0.0:STMicroelectronics:USB::USB Device:Custom HID HS::1.0:USB_DEVICE_1_0_RESTRICTED_HS
2025-09-20 14:02:42,977 [WARN] ModelIntegratedComponent:188 - Modes not found for component STMicroelectronics:USB_DEVICE:1.0.0:STMicroelectronics:USB::USB Device:Custom HID HS::1.0:USB_DEVICE_1_0_RESTRICTED_HS
2025-09-20 14:02:42,977 [WARN] ModelIntegratedComponent:182 - Modes not found for component STMicroelectronics:USB_DEVICE:1.0.0:STMicroelectronics:USB::USB Device:MSC HS::1.0:USB_DEVICE_1_0_RESTRICTED_HS
2025-09-20 14:02:42,977 [WARN] ModelIntegratedComponent:188 - Modes not found for component STMicroelectronics:USB_DEVICE:1.0.0:STMicroelectronics:USB::USB Device:MSC HS::1.0:USB_DEVICE_1_0_RESTRICTED_HS
2025-09-20 14:02:42,997 [INFO] ThirdPartyModel:298 - Start build external matchings
2025-09-20 14:02:43,273 [INFO] ThirdPartyModel:316 - End build external matchings
2025-09-20 14:02:43,282 [INFO] RtosManager:967 - Current active RTOS is FREERTOS [Cortex-M4NS]
2025-09-20 14:02:43,289 [WARN] IP:2250 - I2C_Coeff_DF not found: check if there is a RefParameter without a condition.
2025-09-20 14:02:43,289 [WARN] IP:2250 - Analog_Filter not found: check if there is a RefParameter without a condition.
2025-09-20 14:02:43,290 [INFO] ImportTextPane:218 - (OptionalMessage_ERROR) IP (RCC) : Parameter (RTCHSEDivFreq_Value) has invalid value (12500000)
2025-09-20 14:02:43,417 [INFO] UtilMem:75 - End LoadConfig() Used Memory: 554698648 Bytes (1073741824)
2025-09-20 14:02:43,452 [WARN] ThirdParty:833 - waiting for thirdparty lock release [change project]
2025-09-20 14:02:43,452 [INFO] ThirdParty:835 - entering critical section [change project]
2025-09-20 14:02:43,452 [INFO] ThirdParty:1030 - CMSIS Pack Vendor :STMicroelectronics X-CUBE-PM33A1 1.0.0
2025-09-20 14:02:43,452 [INFO] ThirdParty:1030 - CMSIS Pack Vendor :STMicroelectronics USBPD 4.1
2025-09-20 14:02:43,452 [INFO] ThirdParty:1030 - CMSIS Pack Vendor :STMicroelectronics X-CUBE-AZRTOS-H7 3.3.0
2025-09-20 14:02:43,452 [INFO] ThirdParty:1030 - CMSIS Pack Vendor :STMicroelectronics X-CUBE-NFC9 1.0.0
2025-09-20 14:02:43,453 [INFO] ThirdParty:1030 - CMSIS Pack Vendor :wolfSSL I-CUBE-wolfSSL 5.8.0
2025-09-20 14:02:43,453 [INFO] ThirdParty:1030 - CMSIS Pack Vendor :STMicroelectronics USB_HOST 2.0.0
2025-09-20 14:02:43,453 [INFO] ThirdParty:1030 - CMSIS Pack Vendor :STMicroelectronics FP-SNS-MOTENVWB1 1.4.0
2025-09-20 14:02:43,453 [INFO] ThirdParty:1030 - CMSIS Pack Vendor :STMicroelectronics X-CUBE-AZRTOS-F4 1.1.0
2025-09-20 14:02:43,453 [INFO] ThirdParty:1030 - CMSIS Pack Vendor :STMicroelectronics LIBJPEG 8.0.0
2025-09-20 14:02:43,453 [INFO] ThirdParty:1030 - CMSIS Pack Vendor :STMicroelectronics FP-ATR-ASTRA1 2.0.2
2025-09-20 14:02:43,453 [INFO] ThirdParty:1030 - CMSIS Pack Vendor :STMicroelectronics X-CUBE-BLE1 7.1.0
2025-09-20 14:02:43,453 [INFO] ThirdParty:1030 - CMSIS Pack Vendor :Avnet-IotConnect X-CUBE-IoTC-DA16k-PMOD 1.0.0
2025-09-20 14:02:43,453 [INFO] ThirdParty:1030 - CMSIS Pack Vendor :STMicroelectronics X-CUBE-SMBUS 2.1.0
2025-09-20 14:02:43,453 [INFO] ThirdParty:1030 - CMSIS Pack Vendor :wolfSSL I-CUBE-wolfMQTT 1.19.2
2025-09-20 14:02:43,453 [INFO] ThirdParty:1030 - CMSIS Pack Vendor :STMicroelectronics USB_DEVICE 3.0.0
2025-09-20 14:02:43,453 [INFO] ThirdParty:1030 - CMSIS Pack Vendor :STMicroelectronics X-CUBE-ISPU 2.1.0
2025-09-20 14:02:43,453 [INFO] ThirdParty:1030 - CMSIS Pack Vendor :STMicroelectronics X-CUBE-EEPRMA1 5.2.0
2025-09-20 14:02:43,453 [INFO] ThirdParty:1030 - CMSIS Pack Vendor :STMicroelectronics X-CUBE-BLEMGR 4.1.0
2025-09-20 14:02:43,453 [INFO] ThirdParty:1030 - CMSIS Pack Vendor :STMicroelectronics X-CUBE-AZRTOS-WB 2.0.0
2025-09-20 14:02:43,453 [INFO] ThirdParty:1030 - CMSIS Pack Vendor :STMicroelectronics X-CUBE-ST60 1.0.0
2025-09-20 14:02:43,453 [INFO] ThirdParty:1030 - CMSIS Pack Vendor :STMicroelectronics X-CUBE-GNSS1 7.0.1
2025-09-20 14:02:43,453 [INFO] ThirdParty:1030 - CMSIS Pack Vendor :STMicroelectronics X-CUBE-NFC12 1.0.0
2025-09-20 14:02:43,453 [INFO] ThirdParty:1030 - CMSIS Pack Vendor :STMicroelectronics X-CUBE-AZRTOS-F7 1.1.0
2025-09-20 14:02:43,453 [INFO] ThirdParty:1030 - CMSIS Pack Vendor :STMicroelectronics X-CUBE-AZRTOS-L5 2.0.0
2025-09-20 14:02:43,453 [INFO] ThirdParty:1030 - CMSIS Pack Vendor :STMicroelectronics X-CUBE-TOUCHGFX 4.25.0
2025-09-20 14:02:43,453 [INFO] ThirdParty:1030 - CMSIS Pack Vendor :STMicroelectronics USB_DEVICE 2.0.0
2025-09-20 14:02:43,455 [INFO] ThirdParty:1030 - CMSIS Pack Vendor :STMicroelectronics X-CUBE-NFC6 3.1.0
2025-09-20 14:02:43,455 [INFO] ThirdParty:1030 - CMSIS Pack Vendor :STMicroelectronics X-CUBE-AI 10.1.0
2025-09-20 14:02:43,455 [INFO] ThirdParty:1030 - CMSIS Pack Vendor :STMicroelectronics FP-SNS-STBOX1 2.0.0
2025-09-20 14:02:43,455 [INFO] ThirdParty:1030 - CMSIS Pack Vendor :STMicroelectronics FreeRTOS 0.0.1
2025-09-20 14:02:43,455 [INFO] ThirdParty:1030 - CMSIS Pack Vendor :STMicroelectronics X-CUBE-AZRTOS-G0 1.1.0
2025-09-20 14:02:43,455 [INFO] ThirdParty:1030 - CMSIS Pack Vendor :STMicroelectronics X-CUBE-SAFEA1 1.2.2
2025-09-20 14:02:43,455 [INFO] ThirdParty:1030 - CMSIS Pack Vendor :STMicroelectronics X-CUBE-NFC4 3.0.0
2025-09-20 14:02:43,455 [INFO] ThirdParty:1030 - CMSIS Pack Vendor :STMicroelectronics X-CUBE-SUBG2 5.0.0
2025-09-20 14:02:43,455 [INFO] ThirdParty:1030 - CMSIS Pack Vendor :STMicroelectronics X-CUBE-AZRTOS-H7RS 1.1.0
2025-09-20 14:02:43,455 [INFO] ThirdParty:1030 - CMSIS Pack Vendor :STMicroelectronics STM32_WPAN 1.0.0
2025-09-20 14:02:43,455 [INFO] ThirdParty:1030 - CMSIS Pack Vendor :EmbeddedOffice I-CUBE-FS-RTOS 1.0.1
2025-09-20 14:02:43,455 [INFO] ThirdParty:1030 - CMSIS Pack Vendor :STMicroelectronics lwIP 2.0.3
2025-09-20 14:02:43,455 [INFO] ThirdParty:1030 - CMSIS Pack Vendor :Cesanta I-CUBE-Mongoose 7.13.0
2025-09-20 14:02:43,455 [INFO] ThirdParty:1030 - CMSIS Pack Vendor :STMicroelectronics USB_HOST 1.0.0
2025-09-20 14:02:43,455 [INFO] ThirdParty:1030 - CMSIS Pack Vendor :Infineon AIROC-Wi-Fi-Bluetooth-STM32 1.7.0
2025-09-20 14:02:43,456 [INFO] ThirdParty:1030 - CMSIS Pack Vendor :STMicroelectronics X-CUBE-AZRTOS-G4 2.0.0
2025-09-20 14:02:43,456 [INFO] ThirdParty:1030 - CMSIS Pack Vendor :STMicroelectronics X-CUBE-WB05N 2.0.0
2025-09-20 14:02:43,456 [INFO] ThirdParty:1030 - CMSIS Pack Vendor :STMicroelectronics PDM2PCM 3.1.0
2025-09-20 14:02:43,456 [INFO] ThirdParty:1030 - CMSIS Pack Vendor :STMicroelectronics PDM2PCM 3.3.0
2025-09-20 14:02:43,456 [INFO] ThirdParty:1030 - CMSIS Pack Vendor :wolfSSL I-CUBE-wolfTPM 3.8.0
2025-09-20 14:02:43,456 [INFO] ThirdParty:1030 - CMSIS Pack Vendor :STMicroelectronics X-CUBE-AZRTOS-H7 3.4.0
2025-09-20 14:02:43,456 [INFO] ThirdParty:1030 - CMSIS Pack Vendor :STMicroelectronics X-CUBE-DISPLAY 3.0.0
2025-09-20 14:02:43,456 [INFO] ThirdParty:1030 - CMSIS Pack Vendor :wolfSSL I-CUBE-wolfSSH 1.4.20
2025-09-20 14:02:43,456 [INFO] ThirdParty:1030 - CMSIS Pack Vendor :STMicroelectronics X-CUBE-NFC7 2.0.0
2025-09-20 14:02:43,456 [INFO] ThirdParty:1030 - CMSIS Pack Vendor :STMicroelectronics X-CUBE-TCPP 4.2.0
2025-09-20 14:02:43,456 [INFO] ThirdParty:1030 - CMSIS Pack Vendor :RealThread X-CUBE-RT-Thread_Nano 4.1.1
2025-09-20 14:02:43,456 [INFO] ThirdParty:1030 - CMSIS Pack Vendor :STMicroelectronics FP-ATR-SIGFOX1 3.2.0
2025-09-20 14:02:43,456 [INFO] ThirdParty:1030 - CMSIS Pack Vendor :STMicroelectronics X-CUBE-NFC10 1.0.0
2025-09-20 14:02:43,456 [INFO] ThirdParty:1030 - CMSIS Pack Vendor :STMicroelectronics X-CUBE-BLEMGR 4.0.0
2025-09-20 14:02:43,456 [INFO] ThirdParty:1030 - CMSIS Pack Vendor :STMicroelectronics X-CUBE-EEPRMA1 5.1.0
2025-09-20 14:02:43,456 [INFO] ThirdParty:1030 - CMSIS Pack Vendor :STMicroelectronics X-CUBE-FREERTOS 1.3.1
2025-09-20 14:02:43,456 [INFO] ThirdParty:1030 - CMSIS Pack Vendor :STMicroelectronics HAL Drivers 0.0.0
2025-09-20 14:02:43,456 [INFO] ThirdParty:1030 - CMSIS Pack Vendor :STMicroelectronics MBEDTLS 2.16.2
2025-09-20 14:02:43,457 [INFO] ThirdParty:1030 - CMSIS Pack Vendor :STMicroelectronics X-CUBE-IPS 3.1.0
2025-09-20 14:02:43,457 [INFO] ThirdParty:1030 - CMSIS Pack Vendor :STMicroelectronics X-CUBE-ALS 1.0.2
2025-09-20 14:02:43,457 [INFO] ThirdParty:1030 - CMSIS Pack Vendor :emotas I-CUBE-CANOPEN 1.3.0
2025-09-20 14:02:43,457 [INFO] ThirdParty:1030 - CMSIS Pack Vendor :STMicroelectronics MBEDTLS 2.14.1
2025-09-20 14:02:43,457 [INFO] ThirdParty:1030 - CMSIS Pack Vendor :ITTIA_DB I-CUBE-ITTIADB 8.9.0
2025-09-20 14:02:43,457 [INFO] ThirdParty:1030 - CMSIS Pack Vendor :portGmbH I-Cube-SoM-uGOAL 1.1.0
2025-09-20 14:02:43,457 [INFO] ThirdParty:1030 - CMSIS Pack Vendor :quantropi X-CUBE-qispace-sdk-base 2.0.0
2025-09-20 14:02:43,457 [INFO] ThirdParty:1030 - CMSIS Pack Vendor :STMicroelectronics X-CUBE-ST67W61 1.0.0
2025-09-20 14:02:43,457 [INFO] ThirdParty:1030 - CMSIS Pack Vendor :STMicroelectronics X-CUBE-AI 10.2.0
2025-09-20 14:02:43,457 [INFO] ThirdParty:1030 - CMSIS Pack Vendor :STMicroelectronics FP-SNS-STAIOTCFT 1.0.0
2025-09-20 14:02:43,457 [INFO] ThirdParty:1030 - CMSIS Pack Vendor :STMicroelectronics ThreadX 1.0.0
2025-09-20 14:02:43,457 [INFO] ThirdParty:1030 - CMSIS Pack Vendor :STMicroelectronics FP-SNS-SMARTAG2 1.2.0
2025-09-20 14:02:43,457 [INFO] ThirdParty:1030 - CMSIS Pack Vendor :STMicroelectronics FP-SNS-FLIGHT1 5.1.0
2025-09-20 14:02:43,457 [INFO] ThirdParty:1030 - CMSIS Pack Vendor :STMicroelectronics X-CUBE-AZRTOS-WL 2.0.0
2025-09-20 14:02:43,458 [INFO] ThirdParty:1030 - CMSIS Pack Vendor :SEGGER I-CUBE-embOS 1.3.1
2025-09-20 14:02:43,458 [INFO] ThirdParty:1030 - CMSIS Pack Vendor :STMicroelectronics X-CUBE-ALGOBUILD 1.4.0
2025-09-20 14:02:43,458 [INFO] ThirdParty:1030 - CMSIS Pack Vendor :STMicroelectronics X-CUBE-DPower 1.3.0
2025-09-20 14:02:43,458 [INFO] ThirdParty:1030 - CMSIS Pack Vendor :STMicroelectronics X-CUBE-MEMS1 11.3.0
2025-09-20 14:02:43,458 [INFO] ThirdParty:1030 - CMSIS Pack Vendor :STMicroelectronics FP-SNS-MOTENV1 5.0.0
2025-09-20 14:02:43,458 [INFO] ThirdParty:1030 - CMSIS Pack Vendor :STMicroelectronics USB_DEVICE 1.0.0
2025-09-20 14:02:43,458 [INFO] ThirdParty:1030 - CMSIS Pack Vendor :STMicroelectronics X-CUBE-AZRTOS-L4 2.0.0
2025-09-20 14:02:43,458 [INFO] ThirdParty:1030 - CMSIS Pack Vendor :STMicroelectronics ThreadX 0.0.2
2025-09-20 14:02:43,458 [INFO] ThirdParty:1030 - CMSIS Pack Vendor :WES I-CUBE-Cesium 1.3.0
2025-09-20 14:02:43,458 [INFO] ThirdParty:1030 - CMSIS Pack Vendor :STMicroelectronics lwIP 2.1.2
2025-09-20 14:02:43,458 [INFO] ThirdParty:1030 - CMSIS Pack Vendor :STMicroelectronics X-CUBE-SFXS2LP1 4.0.0
2025-09-20 14:02:43,458 [INFO] ThirdParty:1030 - CMSIS Pack Vendor :STMicroelectronics X-CUBE-BLE2 3.3.0
2025-09-20 14:02:43,458 [INFO] ThirdParty:1030 - CMSIS Pack Vendor :STMicroelectronics X-CUBE-TOF1 3.4.3
2025-09-20 14:02:43,458 [INFO] ThirdParty:1030 - CMSIS Pack Vendor :STMicroelectronics PDM2PCM 3.2.0
2025-09-20 14:02:43,458 [INFO] ThirdParty:841 - exiting critical section [change project]
2025-09-20 14:02:43,757 [INFO] PinOutPanel:1589 - setPackage(No Configuration,No Configuration)
2025-09-20 14:02:43,762 [INFO] PinOutPanel:1589 - setPackage(STM32F411CEUx,UFQFPN48)
2025-09-20 14:02:44,069 [INFO] UtilMem:75 - Before build in PCC Used Memory: 707620440 Bytes (1073741824)
2025-09-20 14:02:44,360 [INFO] UtilMem:75 - After build in PCC Used Memory: 752709208 Bytes (1073741824)
2025-09-20 14:02:44,368 [INFO] ApiDbMcu:508 - Load IP Config File for FREERTOS
2025-09-20 14:02:44,403 [INFO] IPUIPlugin:80 - create IPUIPlugin
2025-09-20 14:02:44,403 [INFO] IPUIPlugin:80 - create IPUIPlugin
2025-09-20 14:02:44,403 [INFO] IPUIPlugin:80 - create IPUIPlugin
2025-09-20 14:02:44,403 [INFO] IPUIPlugin:80 - create IPUIPlugin
2025-09-20 14:02:44,404 [INFO] IPUIPlugin:80 - create IPUIPlugin
2025-09-20 14:02:44,404 [INFO] IPUIPlugin:80 - create IPUIPlugin
2025-09-20 14:02:44,404 [INFO] IPUIPlugin:80 - create IPUIPlugin
2025-09-20 14:02:44,404 [INFO] IPUIPlugin:80 - create IPUIPlugin
2025-09-20 14:02:44,404 [INFO] IPUIPlugin:80 - create IPUIPlugin
2025-09-20 14:02:44,404 [INFO] IPUIPlugin:80 - create IPUIPlugin
2025-09-20 14:02:44,404 [INFO] IPUIPlugin:80 - create IPUIPlugin
2025-09-20 14:02:44,404 [INFO] IPUIPlugin:80 - create IPUIPlugin
2025-09-20 14:02:44,405 [INFO] IPUIPlugin:80 - create IPUIPlugin
2025-09-20 14:02:44,405 [INFO] IPUIPlugin:80 - create IPUIPlugin
2025-09-20 14:02:44,405 [INFO] IPUIPlugin:80 - create IPUIPlugin
2025-09-20 14:02:44,405 [INFO] IPUIPlugin:80 - create IPUIPlugin
2025-09-20 14:02:44,405 [INFO] IPUIPlugin:80 - create IPUIPlugin
2025-09-20 14:02:44,405 [INFO] IPUIPlugin:80 - create IPUIPlugin
2025-09-20 14:02:44,405 [INFO] IPUIPlugin:80 - create IPUIPlugin
2025-09-20 14:02:44,405 [INFO] IPUIPlugin:80 - create IPUIPlugin
2025-09-20 14:02:44,406 [INFO] IPUIPlugin:80 - create IPUIPlugin
2025-09-20 14:02:44,406 [INFO] IPUIPlugin:80 - create IPUIPlugin
2025-09-20 14:02:44,406 [INFO] IPUIPlugin:80 - create IPUIPlugin
2025-09-20 14:02:44,406 [INFO] IPUIPlugin:80 - create IPUIPlugin
2025-09-20 14:02:44,406 [INFO] IPUIPlugin:80 - create IPUIPlugin
2025-09-20 14:02:44,406 [INFO] IPUIPlugin:80 - create IPUIPlugin
2025-09-20 14:02:44,406 [INFO] IPUIPlugin:80 - create IPUIPlugin
2025-09-20 14:02:44,406 [INFO] IPUIPlugin:80 - create IPUIPlugin
2025-09-20 14:02:44,408 [INFO] IPUIPlugin:80 - create IPUIPlugin
2025-09-20 14:02:44,408 [INFO] IPUIPlugin:80 - create IPUIPlugin
2025-09-20 14:02:44,408 [INFO] IPUIPlugin:80 - create IPUIPlugin
2025-09-20 14:02:44,408 [INFO] IPUIPlugin:80 - create IPUIPlugin
2025-09-20 14:02:44,408 [INFO] IPUIPlugin:80 - create IPUIPlugin
2025-09-20 14:02:44,408 [INFO] IPUIPlugin:80 - create IPUIPlugin
2025-09-20 14:02:44,409 [INFO] IPUIPlugin:80 - create IPUIPlugin
2025-09-20 14:02:44,409 [INFO] IPUIPlugin:80 - create IPUIPlugin
2025-09-20 14:02:44,409 [INFO] IPUIPlugin:80 - create IPUIPlugin
2025-09-20 14:02:44,409 [INFO] IPUIPlugin:80 - create IPUIPlugin
2025-09-20 14:02:44,410 [INFO] IPUIPlugin:80 - create IPUIPlugin
2025-09-20 14:02:44,410 [INFO] IPUIPlugin:80 - create IPUIPlugin
2025-09-20 14:02:44,410 [INFO] IPUIPlugin:80 - create IPUIPlugin
2025-09-20 14:02:44,410 [INFO] IPUIPlugin:80 - create IPUIPlugin
2025-09-20 14:02:44,411 [INFO] IPUIPlugin:80 - create IPUIPlugin
2025-09-20 14:02:44,417 [INFO] ApiDbMcu:508 - Load IP Config File for PDM2PCM
2025-09-20 14:02:44,419 [WARN] IP:2250 - I2C_Coeff_DF not found: check if there is a RefParameter without a condition.
2025-09-20 14:02:44,419 [WARN] IP:2250 - Analog_Filter not found: check if there is a RefParameter without a condition.
2025-09-20 14:02:44,429 [WARN] FreeRTOS:1023 - Null or empty value: should not occur! (nothing added to the table)
2025-09-20 14:02:44,488 [INFO] CADModel:165 - CPN selected for project levelSTM32F411CEU6
2025-09-20 14:02:44,488 [INFO] CADModel:114 - Register for checkConnection events
2025-09-20 14:02:44,490 [INFO] RtosManager:725 - Active RTOS found at IOC load: FREERTOS [Cortex-M4NS]
2025-09-20 14:02:44,546 [INFO] OpenFileManager:385 - Restore cursor
2025-09-20 14:02:44,889 [WARN] IP:2250 - I2C_Coeff_DF not found: check if there is a RefParameter without a condition.
2025-09-20 14:02:44,889 [WARN] IP:2250 - Analog_Filter not found: check if there is a RefParameter without a condition.
2025-09-20 14:02:44,889 [WARN] IP:2250 - I2C_Coeff_DF not found: check if there is a RefParameter without a condition.
2025-09-20 14:02:44,889 [WARN] IP:2250 - Analog_Filter not found: check if there is a RefParameter without a condition.
2025-09-20 14:26:10,107 [WARN] IP:2250 - I2C_Coeff_DF not found: check if there is a RefParameter without a condition.
2025-09-20 14:26:10,108 [WARN] IP:2250 - Analog_Filter not found: check if there is a RefParameter without a condition.
2025-09-20 14:26:10,109 [WARN] IP:2250 - I2C_Coeff_DF not found: check if there is a RefParameter without a condition.
2025-09-20 14:26:10,109 [WARN] IP:2250 - Analog_Filter not found: check if there is a RefParameter without a condition.
2025-09-20 14:26:10,212 [WARN] IP:2250 - I2C_Coeff_DF not found: check if there is a RefParameter without a condition.
2025-09-20 14:26:10,212 [WARN] IP:2250 - Analog_Filter not found: check if there is a RefParameter without a condition.
2025-09-20 14:26:10,291 [WARN] IP:2250 - I2C_Coeff_DF not found: check if there is a RefParameter without a condition.
2025-09-20 14:26:10,291 [WARN] IP:2250 - Analog_Filter not found: check if there is a RefParameter without a condition.
2025-09-20 14:35:21,983 [INFO] NvicIntPanel:101 - NVIC parent = com.st.microxplorer.plugins.ip.nvic.MultiNvicIntPanel[,0,0,0x0,invalid,layout=javax.swing.BoxLayout,alignmentX=0.0,alignmentY=0.0,border=,flags=9,maximumSize=,minimumSize=,preferredSize=]
2025-09-20 14:35:22,103 [WARN] IP:2250 - I2C_Coeff_DF not found: check if there is a RefParameter without a condition.
2025-09-20 14:35:22,103 [WARN] IP:2250 - Analog_Filter not found: check if there is a RefParameter without a condition.
2025-09-20 14:35:22,104 [WARN] IP:2250 - I2C_Coeff_DF not found: check if there is a RefParameter without a condition.
2025-09-20 14:35:22,104 [WARN] IP:2250 - Analog_Filter not found: check if there is a RefParameter without a condition.
2025-09-20 14:35:45,639 [INFO] NvicIntPanel:101 - NVIC parent = com.st.microxplorer.plugins.ip.nvic.MultiNvicIntPanel[,0,0,0x0,invalid,layout=javax.swing.BoxLayout,alignmentX=0.0,alignmentY=0.0,border=,flags=9,maximumSize=,minimumSize=,preferredSize=]
2025-09-20 14:35:45,716 [WARN] IP:2250 - I2C_Coeff_DF not found: check if there is a RefParameter without a condition.
2025-09-20 14:35:45,716 [WARN] IP:2250 - Analog_Filter not found: check if there is a RefParameter without a condition.
2025-09-20 14:35:45,716 [WARN] IP:2250 - I2C_Coeff_DF not found: check if there is a RefParameter without a condition.
2025-09-20 14:35:45,716 [WARN] IP:2250 - Analog_Filter not found: check if there is a RefParameter without a condition.
2025-09-20 14:43:04,063 [WARN] IP:2250 - I2C_Coeff_DF not found: check if there is a RefParameter without a condition.
2025-09-20 14:43:04,063 [WARN] IP:2250 - Analog_Filter not found: check if there is a RefParameter without a condition.
2025-09-20 14:43:04,065 [WARN] IP:2250 - I2C_Coeff_DF not found: check if there is a RefParameter without a condition.
2025-09-20 14:43:04,066 [WARN] IP:2250 - Analog_Filter not found: check if there is a RefParameter without a condition.
2025-09-20 14:43:04,492 [WARN] IP:2250 - I2C_Coeff_DF not found: check if there is a RefParameter without a condition.
2025-09-20 14:43:04,492 [WARN] IP:2250 - Analog_Filter not found: check if there is a RefParameter without a condition.
2025-09-20 14:43:04,493 [WARN] IP:2250 - I2C_Coeff_DF not found: check if there is a RefParameter without a condition.
2025-09-20 14:43:04,493 [WARN] IP:2250 - Analog_Filter not found: check if there is a RefParameter without a condition.
2025-09-20 14:52:35,638 [INFO] NvicIntPanel:101 - NVIC parent = com.st.microxplorer.plugins.ip.nvic.MultiNvicIntPanel[,0,0,0x0,invalid,layout=javax.swing.BoxLayout,alignmentX=0.0,alignmentY=0.0,border=,flags=9,maximumSize=,minimumSize=,preferredSize=]
2025-09-20 14:53:02,630 [INFO] NvicIntPanel:101 - NVIC parent = com.st.microxplorer.plugins.ip.nvic.MultiNvicIntPanel[,0,0,0x0,invalid,layout=javax.swing.BoxLayout,alignmentX=0.0,alignmentY=0.0,border=,flags=9,maximumSize=,minimumSize=,preferredSize=]
2025-09-20 14:53:05,962 [INFO] NvicIntPanel:101 - NVIC parent = com.st.microxplorer.plugins.ip.nvic.MultiNvicIntPanel[,0,0,0x0,invalid,layout=javax.swing.BoxLayout,alignmentX=0.0,alignmentY=0.0,border=,flags=9,maximumSize=,minimumSize=,preferredSize=]
2025-09-20 14:53:11,093 [INFO] NvicIntPanel:101 - NVIC parent = com.st.microxplorer.plugins.ip.nvic.MultiNvicIntPanel[,0,0,0x0,invalid,layout=javax.swing.BoxLayout,alignmentX=0.0,alignmentY=0.0,border=,flags=9,maximumSize=,minimumSize=,preferredSize=]
2025-09-20 14:55:52,833 [INFO] NvicIntPanel:101 - NVIC parent = com.st.microxplorer.plugins.ip.nvic.MultiNvicIntPanel[,0,0,0x0,invalid,layout=javax.swing.BoxLayout,alignmentX=0.0,alignmentY=0.0,border=,flags=9,maximumSize=,minimumSize=,preferredSize=]
2025-09-20 14:55:53,013 [WARN] IP:2250 - I2C_Coeff_DF not found: check if there is a RefParameter without a condition.
2025-09-20 14:55:53,013 [WARN] IP:2250 - Analog_Filter not found: check if there is a RefParameter without a condition.
2025-09-20 14:55:53,014 [WARN] IP:2250 - I2C_Coeff_DF not found: check if there is a RefParameter without a condition.
2025-09-20 14:55:53,014 [WARN] IP:2250 - Analog_Filter not found: check if there is a RefParameter without a condition.
2025-09-20 14:56:09,274 [INFO] UtilMem:75 - End SaveConfig() Used Memory: 402172192 Bytes (723517440)
2025-09-20 14:56:16,684 [INFO] UtilMem:75 - End SaveConfig() Used Memory: 576235808 Bytes (723517440)
2025-09-20 14:56:19,750 [INFO] BlockDiagram:2775 - set Specific Code input for plugin: RTC
2025-09-20 14:56:19,750 [INFO] BlockDiagram:2775 - set Specific Code input for plugin: SPI
2025-09-20 14:56:19,750 [INFO] BlockDiagram:2775 - set Specific Code input for plugin: NVIC
2025-09-20 14:56:19,750 [INFO] BlockDiagram:2775 - set Specific Code input for plugin: USART
2025-09-20 14:56:19,750 [INFO] BlockDiagram:2775 - set Specific Code input for plugin: FREERTOS
2025-09-20 14:56:19,750 [INFO] BlockDiagram:2775 - set Specific Code input for plugin: USART
2025-09-20 14:56:19,752 [INFO] BlockDiagram:2775 - set Specific Code input for plugin: DMA
2025-09-20 14:56:19,752 [INFO] BlockDiagram:2775 - set Specific Code input for plugin: TIM1_8
2025-09-20 14:56:19,752 [INFO] BlockDiagram:2775 - set Specific Code input for plugin: TIM1_8
2025-09-20 14:56:19,752 [INFO] BlockDiagram:2775 - set Specific Code input for plugin: TIM1_8
2025-09-20 14:56:19,752 [INFO] BlockDiagram:2775 - set Specific Code input for plugin: TIM1_8
2025-09-20 14:56:19,752 [INFO] BlockDiagram:2775 - set Specific Code input for plugin: SYS
2025-09-20 14:56:19,752 [INFO] BlockDiagram:2775 - set Specific Code input for plugin: GPIO
2025-09-20 14:56:19,752 [INFO] BlockDiagram:2775 - set Specific Code input for plugin: ADC
2025-09-20 14:56:19,752 [INFO] BlockDiagram:2775 - set Specific Code input for plugin: RCC
2025-09-20 14:56:19,752 [INFO] BlockDiagram:2775 - set Specific Code input for plugin: I2C
2025-09-20 14:56:19,755 [INFO] CodeGenerator:882 - code generatio: config db path: C:\Program Files\STMicroelectronics\STM32Cube\STM32CubeIDE_1.18.0\STM32CubeIDE\..\..\..\..\..\Users\jesfi\.eclipse\com.st.stm32cube.ide.mcu.rcp.product_1.18.0_2086139113_win32_win32_x86_64\plugins\com.st.stm32cube.common.mx_6.14.1.202504091515\\db\
2025-09-20 14:56:19,768 [WARN] IP:2250 - I2C_Coeff_DF not found: check if there is a RefParameter without a condition.
2025-09-20 14:56:19,770 [WARN] IP:2250 - Analog_Filter not found: check if there is a RefParameter without a condition.
2025-09-20 14:56:19,879 [INFO] CodeEngine:263 - oldGeneratedFile, C:\Users\jesfi\Desktop\STM-Projets\Projeto-ENGD33\Projeto-ENGD33\MXTmpFiles\license.tmp_save
2025-09-20 14:56:20,213 [INFO] CodeEngine:287 - Generated code: C:\Users\jesfi\Desktop\STM-Projets\Projeto-ENGD33\Projeto-ENGD33\MXTmpFiles\license.tmp
2025-09-20 14:56:20,336 [INFO] CodeEngine:263 - oldGeneratedFile, C:\Users\jesfi\Desktop\STM-Projets\Projeto-ENGD33\Projeto-ENGD33\MXTmpFiles\gpio.tmp_save
2025-09-20 14:56:20,531 [INFO] CodeEngine:287 - Generated code: C:\Users\jesfi\Desktop\STM-Projets\Projeto-ENGD33\Projeto-ENGD33\MXTmpFiles\gpio.tmp
2025-09-20 14:56:21,181 [INFO] Middleware:1452 - No code input for Bsp Dependency
2025-09-20 14:56:21,193 [INFO] CodeEngine:263 - oldGeneratedFile, C:\Users\jesfi\Desktop\STM-Projets\Projeto-ENGD33\Projeto-ENGD33\MXTmpFiles\rtos_inc.tmp_save
2025-09-20 14:56:21,286 [INFO] CodeEngine:287 - Generated code: C:\Users\jesfi\Desktop\STM-Projets\Projeto-ENGD33\Projeto-ENGD33\MXTmpFiles\rtos_inc.tmp
2025-09-20 14:56:21,296 [INFO] CodeEngine:263 - oldGeneratedFile, C:\Users\jesfi\Desktop\STM-Projets\Projeto-ENGD33\Projeto-ENGD33\MXTmpFiles\rtos_kernelInit.tmp_save
2025-09-20 14:56:21,399 [INFO] CodeEngine:287 - Generated code: C:\Users\jesfi\Desktop\STM-Projets\Projeto-ENGD33\Projeto-ENGD33\MXTmpFiles\rtos_kernelInit.tmp
2025-09-20 14:56:21,408 [INFO] CodeEngine:263 - oldGeneratedFile, C:\Users\jesfi\Desktop\STM-Projets\Projeto-ENGD33\Projeto-ENGD33\MXTmpFiles\rtos_kernelStart.tmp_save
2025-09-20 14:56:21,485 [INFO] CodeEngine:287 - Generated code: C:\Users\jesfi\Desktop\STM-Projets\Projeto-ENGD33\Projeto-ENGD33\MXTmpFiles\rtos_kernelStart.tmp
2025-09-20 14:56:21,495 [INFO] CodeEngine:263 - oldGeneratedFile, C:\Users\jesfi\Desktop\STM-Projets\Projeto-ENGD33\Projeto-ENGD33\MXTmpFiles\rtos_typedefs.tmp_save
2025-09-20 14:56:21,575 [INFO] CodeEngine:287 - Generated code: C:\Users\jesfi\Desktop\STM-Projets\Projeto-ENGD33\Projeto-ENGD33\MXTmpFiles\rtos_typedefs.tmp
2025-09-20 14:56:21,583 [INFO] CodeEngine:263 - oldGeneratedFile, C:\Users\jesfi\Desktop\STM-Projets\Projeto-ENGD33\Projeto-ENGD33\MXTmpFiles\rtos_vars.tmp_save
2025-09-20 14:56:21,659 [INFO] CodeEngine:287 - Generated code: C:\Users\jesfi\Desktop\STM-Projets\Projeto-ENGD33\Projeto-ENGD33\MXTmpFiles\rtos_vars.tmp
2025-09-20 14:56:21,667 [INFO] CodeEngine:263 - oldGeneratedFile, C:\Users\jesfi\Desktop\STM-Projets\Projeto-ENGD33\Projeto-ENGD33\MXTmpFiles\rtos_pfp.tmp_save
2025-09-20 14:56:21,724 [INFO] CodeEngine:287 - Generated code: C:\Users\jesfi\Desktop\STM-Projets\Projeto-ENGD33\Projeto-ENGD33\MXTmpFiles\rtos_pfp.tmp
2025-09-20 14:56:21,730 [INFO] CodeEngine:263 - oldGeneratedFile, C:\Users\jesfi\Desktop\STM-Projets\Projeto-ENGD33\Projeto-ENGD33\MXTmpFiles\rtos_obj_creat.tmp_save
2025-09-20 14:56:21,784 [INFO] CodeEngine:287 - Generated code: C:\Users\jesfi\Desktop\STM-Projets\Projeto-ENGD33\Projeto-ENGD33\MXTmpFiles\rtos_obj_creat.tmp
2025-09-20 14:56:21,790 [INFO] CodeEngine:263 - oldGeneratedFile, C:\Users\jesfi\Desktop\STM-Projets\Projeto-ENGD33\Projeto-ENGD33\MXTmpFiles\rtos_default_thread.tmp_save
2025-09-20 14:56:21,841 [INFO] CodeEngine:287 - Generated code: C:\Users\jesfi\Desktop\STM-Projets\Projeto-ENGD33\Projeto-ENGD33\MXTmpFiles\rtos_default_thread.tmp
2025-09-20 14:56:21,847 [INFO] CodeEngine:263 - oldGeneratedFile, C:\Users\jesfi\Desktop\STM-Projets\Projeto-ENGD33\Projeto-ENGD33\MXTmpFiles\rtos_threads.tmp_save
2025-09-20 14:56:21,899 [INFO] CodeEngine:287 - Generated code: C:\Users\jesfi\Desktop\STM-Projets\Projeto-ENGD33\Projeto-ENGD33\MXTmpFiles\rtos_threads.tmp
2025-09-20 14:56:21,932 [INFO] Middleware:1452 - No code input for Bsp Dependency
2025-09-20 14:56:21,942 [INFO] CodeEngine:263 - oldGeneratedFile, C:\Users\jesfi\Desktop\STM-Projets\Projeto-ENGD33\Projeto-ENGD33\MXTmpFiles\rtos_inc.tmp_save
2025-09-20 14:56:21,992 [INFO] CodeEngine:287 - Generated code: C:\Users\jesfi\Desktop\STM-Projets\Projeto-ENGD33\Projeto-ENGD33\MXTmpFiles\rtos_inc.tmp
2025-09-20 14:56:21,999 [INFO] CodeEngine:263 - oldGeneratedFile, C:\Users\jesfi\Desktop\STM-Projets\Projeto-ENGD33\Projeto-ENGD33\MXTmpFiles\rtos_kernelInit.tmp_save
2025-09-20 14:56:22,054 [INFO] CodeEngine:287 - Generated code: C:\Users\jesfi\Desktop\STM-Projets\Projeto-ENGD33\Projeto-ENGD33\MXTmpFiles\rtos_kernelInit.tmp
2025-09-20 14:56:22,061 [INFO] CodeEngine:263 - oldGeneratedFile, C:\Users\jesfi\Desktop\STM-Projets\Projeto-ENGD33\Projeto-ENGD33\MXTmpFiles\rtos_kernelStart.tmp_save
2025-09-20 14:56:22,119 [INFO] CodeEngine:287 - Generated code: C:\Users\jesfi\Desktop\STM-Projets\Projeto-ENGD33\Projeto-ENGD33\MXTmpFiles\rtos_kernelStart.tmp
2025-09-20 14:56:22,127 [INFO] CodeEngine:263 - oldGeneratedFile, C:\Users\jesfi\Desktop\STM-Projets\Projeto-ENGD33\Projeto-ENGD33\MXTmpFiles\rtos_typedefs.tmp_save
2025-09-20 14:56:22,177 [INFO] CodeEngine:287 - Generated code: C:\Users\jesfi\Desktop\STM-Projets\Projeto-ENGD33\Projeto-ENGD33\MXTmpFiles\rtos_typedefs.tmp
2025-09-20 14:56:22,183 [INFO] CodeEngine:263 - oldGeneratedFile, C:\Users\jesfi\Desktop\STM-Projets\Projeto-ENGD33\Projeto-ENGD33\MXTmpFiles\rtos_vars.tmp_save
2025-09-20 14:56:22,234 [INFO] CodeEngine:287 - Generated code: C:\Users\jesfi\Desktop\STM-Projets\Projeto-ENGD33\Projeto-ENGD33\MXTmpFiles\rtos_vars.tmp
2025-09-20 14:56:22,240 [INFO] CodeEngine:263 - oldGeneratedFile, C:\Users\jesfi\Desktop\STM-Projets\Projeto-ENGD33\Projeto-ENGD33\MXTmpFiles\rtos_pfp.tmp_save
2025-09-20 14:56:22,289 [INFO] CodeEngine:287 - Generated code: C:\Users\jesfi\Desktop\STM-Projets\Projeto-ENGD33\Projeto-ENGD33\MXTmpFiles\rtos_pfp.tmp
2025-09-20 14:56:22,296 [INFO] CodeEngine:263 - oldGeneratedFile, C:\Users\jesfi\Desktop\STM-Projets\Projeto-ENGD33\Projeto-ENGD33\MXTmpFiles\rtos_obj_creat.tmp_save
2025-09-20 14:56:22,347 [INFO] CodeEngine:287 - Generated code: C:\Users\jesfi\Desktop\STM-Projets\Projeto-ENGD33\Projeto-ENGD33\MXTmpFiles\rtos_obj_creat.tmp
2025-09-20 14:56:22,353 [INFO] CodeEngine:263 - oldGeneratedFile, C:\Users\jesfi\Desktop\STM-Projets\Projeto-ENGD33\Projeto-ENGD33\MXTmpFiles\rtos_default_thread.tmp_save
2025-09-20 14:56:22,402 [INFO] CodeEngine:287 - Generated code: C:\Users\jesfi\Desktop\STM-Projets\Projeto-ENGD33\Projeto-ENGD33\MXTmpFiles\rtos_default_thread.tmp
2025-09-20 14:56:22,409 [INFO] CodeEngine:263 - oldGeneratedFile, C:\Users\jesfi\Desktop\STM-Projets\Projeto-ENGD33\Projeto-ENGD33\MXTmpFiles\rtos_threads.tmp_save
2025-09-20 14:56:22,459 [INFO] CodeEngine:287 - Generated code: C:\Users\jesfi\Desktop\STM-Projets\Projeto-ENGD33\Projeto-ENGD33\MXTmpFiles\rtos_threads.tmp
2025-09-20 14:56:22,466 [INFO] CodeEngine:263 - oldGeneratedFile, C:\Users\jesfi\Desktop\STM-Projets\Projeto-ENGD33\Projeto-ENGD33\Core\Inc\FreeRTOSConfig.h_save
2025-09-20 14:56:22,529 [INFO] CodeEngine:287 - Generated code: C:\Users\jesfi\Desktop\STM-Projets\Projeto-ENGD33\Projeto-ENGD33\Core\Inc\FreeRTOSConfig.h
2025-09-20 14:56:22,537 [INFO] CodeEngine:263 - oldGeneratedFile, C:\Users\jesfi\Desktop\STM-Projets\Projeto-ENGD33\Projeto-ENGD33\Core\Src\freertos.c_save
2025-09-20 14:56:22,594 [INFO] CodeEngine:287 - Generated code: C:\Users\jesfi\Desktop\STM-Projets\Projeto-ENGD33\Projeto-ENGD33\Core\Src\freertos.c
2025-09-20 14:56:22,623 [INFO] CodeEngine:263 - oldGeneratedFile, C:\Users\jesfi\Desktop\STM-Projets\Projeto-ENGD33\Projeto-ENGD33\MXTmpFiles\dma.tmp_save
2025-09-20 14:56:22,678 [INFO] CodeEngine:287 - Generated code: C:\Users\jesfi\Desktop\STM-Projets\Projeto-ENGD33\Projeto-ENGD33\MXTmpFiles\dma.tmp
2025-09-20 14:56:22,683 [INFO] CodeEngine:263 - oldGeneratedFile, C:\Users\jesfi\Desktop\STM-Projets\Projeto-ENGD33\Projeto-ENGD33\MXTmpFiles\dma_GV.tmp_save
2025-09-20 14:56:22,731 [INFO] CodeEngine:287 - Generated code: C:\Users\jesfi\Desktop\STM-Projets\Projeto-ENGD33\Projeto-ENGD33\MXTmpFiles\dma_GV.tmp
2025-09-20 14:56:22,751 [INFO] CodeEngine:263 - oldGeneratedFile, C:\Users\jesfi\Desktop\STM-Projets\Projeto-ENGD33\Projeto-ENGD33\Core\Src\stm32f4xx_it.c_save
2025-09-20 14:56:22,872 [INFO] CodeEngine:287 - Generated code: C:\Users\jesfi\Desktop\STM-Projets\Projeto-ENGD33\Projeto-ENGD33\Core\Src\stm32f4xx_it.c
2025-09-20 14:56:22,881 [INFO] CodeEngine:263 - oldGeneratedFile, C:\Users\jesfi\Desktop\STM-Projets\Projeto-ENGD33\Projeto-ENGD33\Core\Inc\stm32f4xx_it.h_save
2025-09-20 14:56:22,935 [INFO] CodeEngine:287 - Generated code: C:\Users\jesfi\Desktop\STM-Projets\Projeto-ENGD33\Projeto-ENGD33\Core\Inc\stm32f4xx_it.h
2025-09-20 14:56:22,956 [INFO] CodeEngine:263 - oldGeneratedFile, C:\Users\jesfi\Desktop\STM-Projets\Projeto-ENGD33\Projeto-ENGD33\Core\Src\stm32f4xx_hal_msp.c_save
2025-09-20 14:56:23,091 [INFO] CodeEngine:287 - Generated code: C:\Users\jesfi\Desktop\STM-Projets\Projeto-ENGD33\Projeto-ENGD33\Core\Src\stm32f4xx_hal_msp.c
2025-09-20 14:56:23,099 [INFO] CodeEngine:263 - oldGeneratedFile, C:\Users\jesfi\Desktop\STM-Projets\Projeto-ENGD33\Projeto-ENGD33\MXTmpFiles\system.tmp_save
2025-09-20 14:56:23,146 [INFO] CodeEngine:287 - Generated code: C:\Users\jesfi\Desktop\STM-Projets\Projeto-ENGD33\Projeto-ENGD33\MXTmpFiles\system.tmp
2025-09-20 14:56:23,158 [INFO] CodeEngine:319 - oldGeneratedFile, C:\Users\jesfi\Desktop\STM-Projets\Projeto-ENGD33\Projeto-ENGD33\Core\Inc\stm32f4xx_hal_conf.h_save
2025-09-20 14:56:23,218 [INFO] CodeEngine:343 - Generated code: C:\Users\jesfi\Desktop\STM-Projets\Projeto-ENGD33\Projeto-ENGD33\Core\Inc\stm32f4xx_hal_conf.h
2025-09-20 14:56:23,245 [INFO] ApiDbMcu:508 - Load IP Config File for ADC1
2025-09-20 14:56:23,248 [INFO] ApiDbMcu:508 - Load IP Config File for I2C1
2025-09-20 14:56:23,251 [INFO] ApiDbMcu:508 - Load IP Config File for RTC
2025-09-20 14:56:23,254 [INFO] ApiDbMcu:508 - Load IP Config File for SPI1
2025-09-20 14:56:23,262 [INFO] ApiDbMcu:508 - Load IP Config File for TIM1
2025-09-20 14:56:23,270 [INFO] ApiDbMcu:508 - Load IP Config File for TIM3
2025-09-20 14:56:23,277 [INFO] ApiDbMcu:508 - Load IP Config File for TIM4
2025-09-20 14:56:23,283 [INFO] ApiDbMcu:508 - Load IP Config File for TIM5
2025-09-20 14:56:23,286 [INFO] ApiDbMcu:508 - Load IP Config File for USART2
2025-09-20 14:56:23,289 [INFO] ApiDbMcu:508 - Load IP Config File for USART6
2025-09-20 14:56:23,291 [INFO] ApiDbMcu:508 - Load IP Config File for RCC
2025-09-20 14:56:23,295 [WARN] IPConfigManager:3790 - IP not found : TIM
2025-09-20 14:56:23,297 [WARN] CodeGenerator:4198 - IP not found : null
2025-09-20 14:56:23,308 [INFO] CodeEngine:263 - oldGeneratedFile, C:\Users\jesfi\Desktop\STM-Projets\Projeto-ENGD33\Projeto-ENGD33\Core\Inc\main.h_save
2025-09-20 14:56:23,395 [INFO] CodeEngine:287 - Generated code: C:\Users\jesfi\Desktop\STM-Projets\Projeto-ENGD33\Projeto-ENGD33\Core\Inc\main.h
2025-09-20 14:56:23,403 [INFO] CodeEngine:263 - oldGeneratedFile, C:\Users\jesfi\Desktop\STM-Projets\Projeto-ENGD33\Projeto-ENGD33\Core\Src\main.c_save
2025-09-20 14:56:23,584 [INFO] CodeEngine:287 - Generated code: C:\Users\jesfi\Desktop\STM-Projets\Projeto-ENGD33\Projeto-ENGD33\Core\Src\main.c
2025-09-20 14:56:24,341 [INFO] ProjectBuilder:3324 - Time for Copy HAL[1] : 522mS.
2025-09-20 14:56:24,353 [INFO] ProjectBuilder:4912 - Project Generator version: 4.6.0.1-B1
2025-09-20 14:56:24,423 [INFO] ConfigFileManager:1590 - The Die is : DIE431
2025-09-20 14:56:24,430 [INFO] ApiDbMcu:508 - Load IP Config File for FATFS
2025-09-20 14:56:24,433 [INFO] ApiDbMcu:508 - Load IP Config File for LIBJPEG
2025-09-20 14:56:24,441 [INFO] ApiDbMcu:508 - Load IP Config File for MBEDTLS
2025-09-20 14:56:24,449 [INFO] ApiDbMcu:508 - Load IP Config File for USB_DEVICE
2025-09-20 14:56:24,453 [INFO] ApiDbMcu:508 - Load IP Config File for USB_HOST
