2025-09-22 15:02:20,249 [WARN] IP:2250 - I2C_Coeff_DF not found: check if there is a RefParameter without a condition.
2025-09-22 15:02:20,263 [WARN] IP:2250 - Analog_Filter not found: check if there is a RefParameter without a condition.
2025-09-22 15:02:20,264 [WARN] IP:2250 - I2C_Coeff_DF not found: check if there is a RefParameter without a condition.
2025-09-22 15:02:20,264 [WARN] IP:2250 - Analog_Filter not found: check if there is a RefParameter without a condition.
2025-09-22 15:02:20,407 [INFO] Gpio:277 - dependency for GPIO [ADC1, I2C1, RCC, SPI1, TIM1, TIM3, TIM4, TIM5, USART2, USART6]
2025-09-22 15:02:20,786 [WARN] IP:2250 - I2C_Coeff_DF not found: check if there is a RefParameter without a condition.
2025-09-22 15:02:20,786 [WARN] IP:2250 - Analog_Filter not found: check if there is a RefParameter without a condition.
2025-09-22 15:02:20,787 [WARN] IP:2250 - I2C_Coeff_DF not found: check if there is a RefParameter without a condition.
2025-09-22 15:02:20,787 [WARN] IP:2250 - Analog_Filter not found: check if there is a RefParameter without a condition.
2025-09-22 15:02:20,837 [INFO] Gpio:277 - dependency for GPIO [ADC1, I2C1, RCC, SPI1, TIM1, TIM3, TIM4, TIM5, USART2, USART6]
2025-09-22 15:02:26,246 [INFO] NvicIntPanel:101 - NVIC parent = com.st.microxplorer.plugins.ip.nvic.MultiNvicIntPanel[,0,0,0x0,invalid,layout=javax.swing.BoxLayout,alignmentX=0.0,alignmentY=0.0,border=,flags=9,maximumSize=,minimumSize=,preferredSize=]
2025-09-22 15:05:10,950 [INFO] UtilMem:75 - End SaveConfig() Used Memory: 310504648 Bytes (723517440)
2025-09-22 15:05:14,448 [INFO] BlockDiagram:2775 - set Specific Code input for plugin: RTC
2025-09-22 15:05:14,448 [INFO] BlockDiagram:2775 - set Specific Code input for plugin: SPI
2025-09-22 15:05:14,448 [INFO] BlockDiagram:2775 - set Specific Code input for plugin: NVIC
2025-09-22 15:05:14,448 [INFO] BlockDiagram:2775 - set Specific Code input for plugin: USART
2025-09-22 15:05:14,448 [INFO] BlockDiagram:2775 - set Specific Code input for plugin: FREERTOS
2025-09-22 15:05:14,448 [INFO] BlockDiagram:2775 - set Specific Code input for plugin: USART
2025-09-22 15:05:14,449 [INFO] BlockDiagram:2775 - set Specific Code input for plugin: DMA
2025-09-22 15:05:14,449 [INFO] BlockDiagram:2775 - set Specific Code input for plugin: TIM1_8
2025-09-22 15:05:14,449 [INFO] BlockDiagram:2775 - set Specific Code input for plugin: TIM1_8
2025-09-22 15:05:14,449 [INFO] BlockDiagram:2775 - set Specific Code input for plugin: TIM1_8
2025-09-22 15:05:14,449 [INFO] BlockDiagram:2775 - set Specific Code input for plugin: TIM1_8
2025-09-22 15:05:14,449 [INFO] BlockDiagram:2775 - set Specific Code input for plugin: SYS
2025-09-22 15:05:14,449 [INFO] BlockDiagram:2775 - set Specific Code input for plugin: GPIO
2025-09-22 15:05:14,450 [INFO] BlockDiagram:2775 - set Specific Code input for plugin: ADC
2025-09-22 15:05:14,450 [INFO] BlockDiagram:2775 - set Specific Code input for plugin: RCC
2025-09-22 15:05:14,450 [INFO] BlockDiagram:2775 - set Specific Code input for plugin: I2C
2025-09-22 15:05:14,453 [INFO] CodeGenerator:882 - code generatio: config db path: C:\Program Files\STMicroelectronics\STM32Cube\STM32CubeIDE_1.18.0\STM32CubeIDE\..\..\..\..\..\Users\jesfi\.eclipse\com.st.stm32cube.ide.mcu.rcp.product_1.18.0_2086139113_win32_win32_x86_64\plugins\com.st.stm32cube.common.mx_6.14.1.202504091515\\db\
2025-09-22 15:05:14,462 [WARN] IP:2250 - I2C_Coeff_DF not found: check if there is a RefParameter without a condition.
2025-09-22 15:05:14,462 [WARN] IP:2250 - Analog_Filter not found: check if there is a RefParameter without a condition.
2025-09-22 15:05:14,481 [INFO] Argument:325 - Argument : hdmavalue: null
2025-09-22 15:05:14,481 [INFO] Argument:327 - 	 sub Args: 
2025-09-22 15:05:14,481 [INFO] Argument:325 - Argument : Instancevalue: DMA1_Stream5
2025-09-22 15:05:14,482 [INFO] Argument:335 - Argument : Instancevalue: DMA1_Stream5
2025-09-22 15:05:14,482 [INFO] Argument:325 - Argument : Initvalue: null
2025-09-22 15:05:14,482 [INFO] Argument:327 - 	 sub Args: 
2025-09-22 15:05:14,482 [INFO] Argument:325 - Argument : Channelvalue: DMA_CHANNEL_4
2025-09-22 15:05:14,482 [INFO] Argument:335 - Argument : Channelvalue: DMA_CHANNEL_4
2025-09-22 15:05:14,482 [INFO] Argument:325 - Argument : Directionvalue: DMA_PERIPH_TO_MEMORY
2025-09-22 15:05:14,482 [INFO] Argument:335 - Argument : Directionvalue: DMA_PERIPH_TO_MEMORY
2025-09-22 15:05:14,482 [INFO] Argument:325 - Argument : PeriphIncvalue: DMA_PINC_DISABLE
2025-09-22 15:05:14,483 [INFO] Argument:335 - Argument : PeriphIncvalue: DMA_PINC_DISABLE
2025-09-22 15:05:14,483 [INFO] Argument:325 - Argument : MemIncvalue: DMA_MINC_ENABLE
2025-09-22 15:05:14,483 [INFO] Argument:335 - Argument : MemIncvalue: DMA_MINC_ENABLE
2025-09-22 15:05:14,483 [INFO] Argument:325 - Argument : PeriphDataAlignmentvalue: DMA_PDATAALIGN_BYTE
2025-09-22 15:05:14,483 [INFO] Argument:335 - Argument : PeriphDataAlignmentvalue: DMA_PDATAALIGN_BYTE
2025-09-22 15:05:14,483 [INFO] Argument:325 - Argument : MemDataAlignmentvalue: DMA_MDATAALIGN_BYTE
2025-09-22 15:05:14,484 [INFO] Argument:335 - Argument : MemDataAlignmentvalue: DMA_MDATAALIGN_BYTE
2025-09-22 15:05:14,484 [INFO] Argument:325 - Argument : Modevalue: DMA_NORMAL
2025-09-22 15:05:14,484 [INFO] Argument:335 - Argument : Modevalue: DMA_NORMAL
2025-09-22 15:05:14,484 [INFO] Argument:325 - Argument : Priorityvalue: DMA_PRIORITY_LOW
2025-09-22 15:05:14,484 [INFO] Argument:335 - Argument : Priorityvalue: DMA_PRIORITY_LOW
2025-09-22 15:05:14,484 [INFO] Argument:325 - Argument : FIFOModevalue: DMA_FIFOMODE_DISABLE
2025-09-22 15:05:14,484 [INFO] Argument:335 - Argument : FIFOModevalue: DMA_FIFOMODE_DISABLE
2025-09-22 15:05:14,484 [INFO] Argument:325 - Argument : FIFOThresholdvalue: null
2025-09-22 15:05:14,484 [INFO] Argument:335 - Argument : FIFOThresholdvalue: null
2025-09-22 15:05:14,485 [INFO] Argument:325 - Argument : MemBurstvalue: null
2025-09-22 15:05:14,485 [INFO] Argument:335 - Argument : MemBurstvalue: null
2025-09-22 15:05:14,487 [INFO] Argument:325 - Argument : PeriphBurstvalue: null
2025-09-22 15:05:14,487 [INFO] Argument:335 - Argument : PeriphBurstvalue: null
2025-09-22 15:05:14,487 [INFO] Argument:325 - Argument : Lockvalue: null
2025-09-22 15:05:14,487 [INFO] Argument:335 - Argument : Lockvalue: null
2025-09-22 15:05:14,487 [INFO] Argument:325 - Argument : Statevalue: null
2025-09-22 15:05:14,487 [INFO] Argument:335 - Argument : Statevalue: null
2025-09-22 15:05:14,487 [INFO] Argument:325 - Argument : Parentvalue: null
2025-09-22 15:05:14,487 [INFO] Argument:335 - Argument : Parentvalue: null
2025-09-22 15:05:14,487 [INFO] Argument:325 - Argument : XferCpltCallbackvalue: null
2025-09-22 15:05:14,487 [INFO] Argument:335 - Argument : XferCpltCallbackvalue: null
2025-09-22 15:05:14,487 [INFO] Argument:325 - Argument : XferHalfCpltCallbackvalue: null
2025-09-22 15:05:14,487 [INFO] Argument:335 - Argument : XferHalfCpltCallbackvalue: null
2025-09-22 15:05:14,488 [INFO] Argument:325 - Argument : XferM1CpltCallbackvalue: null
2025-09-22 15:05:14,488 [INFO] Argument:335 - Argument : XferM1CpltCallbackvalue: null
2025-09-22 15:05:14,488 [INFO] Argument:325 - Argument : XferErrorCallbackvalue: null
2025-09-22 15:05:14,488 [INFO] Argument:335 - Argument : XferErrorCallbackvalue: null
2025-09-22 15:05:14,488 [INFO] Argument:325 - Argument : ErrorCodevalue: null
2025-09-22 15:05:14,488 [INFO] Argument:335 - Argument : ErrorCodevalue: null
2025-09-22 15:05:14,489 [INFO] Argument:325 - Argument : hdmavalue: null
2025-09-22 15:05:14,490 [INFO] Argument:327 - 	 sub Args: 
2025-09-22 15:05:14,490 [INFO] Argument:325 - Argument : Instancevalue: DMA1_Stream6
2025-09-22 15:05:14,490 [INFO] Argument:335 - Argument : Instancevalue: DMA1_Stream6
2025-09-22 15:05:14,490 [INFO] Argument:325 - Argument : Initvalue: null
2025-09-22 15:05:14,490 [INFO] Argument:327 - 	 sub Args: 
2025-09-22 15:05:14,490 [INFO] Argument:325 - Argument : Channelvalue: DMA_CHANNEL_4
2025-09-22 15:05:14,490 [INFO] Argument:335 - Argument : Channelvalue: DMA_CHANNEL_4
2025-09-22 15:05:14,490 [INFO] Argument:325 - Argument : Directionvalue: DMA_MEMORY_TO_PERIPH
2025-09-22 15:05:14,490 [INFO] Argument:335 - Argument : Directionvalue: DMA_MEMORY_TO_PERIPH
2025-09-22 15:05:14,490 [INFO] Argument:325 - Argument : PeriphIncvalue: DMA_PINC_DISABLE
2025-09-22 15:05:14,490 [INFO] Argument:335 - Argument : PeriphIncvalue: DMA_PINC_DISABLE
2025-09-22 15:05:14,490 [INFO] Argument:325 - Argument : MemIncvalue: DMA_MINC_ENABLE
2025-09-22 15:05:14,490 [INFO] Argument:335 - Argument : MemIncvalue: DMA_MINC_ENABLE
2025-09-22 15:05:14,490 [INFO] Argument:325 - Argument : PeriphDataAlignmentvalue: DMA_PDATAALIGN_BYTE
2025-09-22 15:05:14,490 [INFO] Argument:335 - Argument : PeriphDataAlignmentvalue: DMA_PDATAALIGN_BYTE
2025-09-22 15:05:14,490 [INFO] Argument:325 - Argument : MemDataAlignmentvalue: DMA_MDATAALIGN_BYTE
2025-09-22 15:05:14,490 [INFO] Argument:335 - Argument : MemDataAlignmentvalue: DMA_MDATAALIGN_BYTE
2025-09-22 15:05:14,490 [INFO] Argument:325 - Argument : Modevalue: DMA_NORMAL
2025-09-22 15:05:14,492 [INFO] Argument:335 - Argument : Modevalue: DMA_NORMAL
2025-09-22 15:05:14,492 [INFO] Argument:325 - Argument : Priorityvalue: DMA_PRIORITY_LOW
2025-09-22 15:05:14,492 [INFO] Argument:335 - Argument : Priorityvalue: DMA_PRIORITY_LOW
2025-09-22 15:05:14,492 [INFO] Argument:325 - Argument : FIFOModevalue: DMA_FIFOMODE_DISABLE
2025-09-22 15:05:14,492 [INFO] Argument:335 - Argument : FIFOModevalue: DMA_FIFOMODE_DISABLE
2025-09-22 15:05:14,492 [INFO] Argument:325 - Argument : FIFOThresholdvalue: null
2025-09-22 15:05:14,492 [INFO] Argument:335 - Argument : FIFOThresholdvalue: null
2025-09-22 15:05:14,493 [INFO] Argument:325 - Argument : MemBurstvalue: null
2025-09-22 15:05:14,493 [INFO] Argument:335 - Argument : MemBurstvalue: null
2025-09-22 15:05:14,493 [INFO] Argument:325 - Argument : PeriphBurstvalue: null
2025-09-22 15:05:14,493 [INFO] Argument:335 - Argument : PeriphBurstvalue: null
2025-09-22 15:05:14,493 [INFO] Argument:325 - Argument : Lockvalue: null
2025-09-22 15:05:14,493 [INFO] Argument:335 - Argument : Lockvalue: null
2025-09-22 15:05:14,493 [INFO] Argument:325 - Argument : Statevalue: null
2025-09-22 15:05:14,493 [INFO] Argument:335 - Argument : Statevalue: null
2025-09-22 15:05:14,493 [INFO] Argument:325 - Argument : Parentvalue: null
2025-09-22 15:05:14,493 [INFO] Argument:335 - Argument : Parentvalue: null
2025-09-22 15:05:14,493 [INFO] Argument:325 - Argument : XferCpltCallbackvalue: null
2025-09-22 15:05:14,493 [INFO] Argument:335 - Argument : XferCpltCallbackvalue: null
2025-09-22 15:05:14,493 [INFO] Argument:325 - Argument : XferHalfCpltCallbackvalue: null
2025-09-22 15:05:14,494 [INFO] Argument:335 - Argument : XferHalfCpltCallbackvalue: null
2025-09-22 15:05:14,494 [INFO] Argument:325 - Argument : XferM1CpltCallbackvalue: null
2025-09-22 15:05:14,494 [INFO] Argument:335 - Argument : XferM1CpltCallbackvalue: null
2025-09-22 15:05:14,494 [INFO] Argument:325 - Argument : XferErrorCallbackvalue: null
2025-09-22 15:05:14,494 [INFO] Argument:335 - Argument : XferErrorCallbackvalue: null
2025-09-22 15:05:14,494 [INFO] Argument:325 - Argument : ErrorCodevalue: null
2025-09-22 15:05:14,494 [INFO] Argument:335 - Argument : ErrorCodevalue: null
2025-09-22 15:05:14,581 [INFO] CodeEngine:263 - oldGeneratedFile, C:\Users\jesfi\Desktop\STM-Projets\Projeto-ENGD33\Projeto-ENGD33\MXTmpFiles\license.tmp_save
2025-09-22 15:05:14,809 [INFO] CodeEngine:287 - Generated code: C:\Users\jesfi\Desktop\STM-Projets\Projeto-ENGD33\Projeto-ENGD33\MXTmpFiles\license.tmp
2025-09-22 15:05:14,880 [INFO] CodeEngine:263 - oldGeneratedFile, C:\Users\jesfi\Desktop\STM-Projets\Projeto-ENGD33\Projeto-ENGD33\MXTmpFiles\gpio.tmp_save
2025-09-22 15:05:15,009 [INFO] CodeEngine:287 - Generated code: C:\Users\jesfi\Desktop\STM-Projets\Projeto-ENGD33\Projeto-ENGD33\MXTmpFiles\gpio.tmp
2025-09-22 15:05:15,672 [INFO] Middleware:1452 - No code input for Bsp Dependency
2025-09-22 15:05:15,682 [INFO] CodeEngine:263 - oldGeneratedFile, C:\Users\jesfi\Desktop\STM-Projets\Projeto-ENGD33\Projeto-ENGD33\MXTmpFiles\rtos_inc.tmp_save
2025-09-22 15:05:15,752 [INFO] CodeEngine:287 - Generated code: C:\Users\jesfi\Desktop\STM-Projets\Projeto-ENGD33\Projeto-ENGD33\MXTmpFiles\rtos_inc.tmp
2025-09-22 15:05:15,761 [INFO] CodeEngine:263 - oldGeneratedFile, C:\Users\jesfi\Desktop\STM-Projets\Projeto-ENGD33\Projeto-ENGD33\MXTmpFiles\rtos_kernelInit.tmp_save
2025-09-22 15:05:15,842 [INFO] CodeEngine:287 - Generated code: C:\Users\jesfi\Desktop\STM-Projets\Projeto-ENGD33\Projeto-ENGD33\MXTmpFiles\rtos_kernelInit.tmp
2025-09-22 15:05:15,852 [INFO] CodeEngine:263 - oldGeneratedFile, C:\Users\jesfi\Desktop\STM-Projets\Projeto-ENGD33\Projeto-ENGD33\MXTmpFiles\rtos_kernelStart.tmp_save
2025-09-22 15:05:15,929 [INFO] CodeEngine:287 - Generated code: C:\Users\jesfi\Desktop\STM-Projets\Projeto-ENGD33\Projeto-ENGD33\MXTmpFiles\rtos_kernelStart.tmp
2025-09-22 15:05:15,939 [INFO] CodeEngine:263 - oldGeneratedFile, C:\Users\jesfi\Desktop\STM-Projets\Projeto-ENGD33\Projeto-ENGD33\MXTmpFiles\rtos_typedefs.tmp_save
2025-09-22 15:05:16,020 [INFO] CodeEngine:287 - Generated code: C:\Users\jesfi\Desktop\STM-Projets\Projeto-ENGD33\Projeto-ENGD33\MXTmpFiles\rtos_typedefs.tmp
2025-09-22 15:05:16,029 [INFO] CodeEngine:263 - oldGeneratedFile, C:\Users\jesfi\Desktop\STM-Projets\Projeto-ENGD33\Projeto-ENGD33\MXTmpFiles\rtos_vars.tmp_save
2025-09-22 15:05:16,109 [INFO] CodeEngine:287 - Generated code: C:\Users\jesfi\Desktop\STM-Projets\Projeto-ENGD33\Projeto-ENGD33\MXTmpFiles\rtos_vars.tmp
2025-09-22 15:05:16,118 [INFO] CodeEngine:263 - oldGeneratedFile, C:\Users\jesfi\Desktop\STM-Projets\Projeto-ENGD33\Projeto-ENGD33\MXTmpFiles\rtos_pfp.tmp_save
2025-09-22 15:05:16,184 [INFO] CodeEngine:287 - Generated code: C:\Users\jesfi\Desktop\STM-Projets\Projeto-ENGD33\Projeto-ENGD33\MXTmpFiles\rtos_pfp.tmp
2025-09-22 15:05:16,189 [INFO] CodeEngine:263 - oldGeneratedFile, C:\Users\jesfi\Desktop\STM-Projets\Projeto-ENGD33\Projeto-ENGD33\MXTmpFiles\rtos_obj_creat.tmp_save
2025-09-22 15:05:16,258 [INFO] CodeEngine:287 - Generated code: C:\Users\jesfi\Desktop\STM-Projets\Projeto-ENGD33\Projeto-ENGD33\MXTmpFiles\rtos_obj_creat.tmp
2025-09-22 15:05:16,264 [INFO] CodeEngine:263 - oldGeneratedFile, C:\Users\jesfi\Desktop\STM-Projets\Projeto-ENGD33\Projeto-ENGD33\MXTmpFiles\rtos_default_thread.tmp_save
2025-09-22 15:05:16,320 [INFO] CodeEngine:287 - Generated code: C:\Users\jesfi\Desktop\STM-Projets\Projeto-ENGD33\Projeto-ENGD33\MXTmpFiles\rtos_default_thread.tmp
2025-09-22 15:05:16,326 [INFO] CodeEngine:263 - oldGeneratedFile, C:\Users\jesfi\Desktop\STM-Projets\Projeto-ENGD33\Projeto-ENGD33\MXTmpFiles\rtos_threads.tmp_save
2025-09-22 15:05:16,380 [INFO] CodeEngine:287 - Generated code: C:\Users\jesfi\Desktop\STM-Projets\Projeto-ENGD33\Projeto-ENGD33\MXTmpFiles\rtos_threads.tmp
2025-09-22 15:05:16,420 [INFO] Middleware:1452 - No code input for Bsp Dependency
2025-09-22 15:05:16,431 [INFO] CodeEngine:263 - oldGeneratedFile, C:\Users\jesfi\Desktop\STM-Projets\Projeto-ENGD33\Projeto-ENGD33\MXTmpFiles\rtos_inc.tmp_save
2025-09-22 15:05:16,481 [INFO] CodeEngine:287 - Generated code: C:\Users\jesfi\Desktop\STM-Projets\Projeto-ENGD33\Projeto-ENGD33\MXTmpFiles\rtos_inc.tmp
2025-09-22 15:05:16,488 [INFO] CodeEngine:263 - oldGeneratedFile, C:\Users\jesfi\Desktop\STM-Projets\Projeto-ENGD33\Projeto-ENGD33\MXTmpFiles\rtos_kernelInit.tmp_save
2025-09-22 15:05:16,537 [INFO] CodeEngine:287 - Generated code: C:\Users\jesfi\Desktop\STM-Projets\Projeto-ENGD33\Projeto-ENGD33\MXTmpFiles\rtos_kernelInit.tmp
2025-09-22 15:05:16,544 [INFO] CodeEngine:263 - oldGeneratedFile, C:\Users\jesfi\Desktop\STM-Projets\Projeto-ENGD33\Projeto-ENGD33\MXTmpFiles\rtos_kernelStart.tmp_save
2025-09-22 15:05:16,593 [INFO] CodeEngine:287 - Generated code: C:\Users\jesfi\Desktop\STM-Projets\Projeto-ENGD33\Projeto-ENGD33\MXTmpFiles\rtos_kernelStart.tmp
2025-09-22 15:05:16,601 [INFO] CodeEngine:263 - oldGeneratedFile, C:\Users\jesfi\Desktop\STM-Projets\Projeto-ENGD33\Projeto-ENGD33\MXTmpFiles\rtos_typedefs.tmp_save
2025-09-22 15:05:16,653 [INFO] CodeEngine:287 - Generated code: C:\Users\jesfi\Desktop\STM-Projets\Projeto-ENGD33\Projeto-ENGD33\MXTmpFiles\rtos_typedefs.tmp
2025-09-22 15:05:16,659 [INFO] CodeEngine:263 - oldGeneratedFile, C:\Users\jesfi\Desktop\STM-Projets\Projeto-ENGD33\Projeto-ENGD33\MXTmpFiles\rtos_vars.tmp_save
2025-09-22 15:05:16,711 [INFO] CodeEngine:287 - Generated code: C:\Users\jesfi\Desktop\STM-Projets\Projeto-ENGD33\Projeto-ENGD33\MXTmpFiles\rtos_vars.tmp
2025-09-22 15:05:16,722 [INFO] CodeEngine:263 - oldGeneratedFile, C:\Users\jesfi\Desktop\STM-Projets\Projeto-ENGD33\Projeto-ENGD33\MXTmpFiles\rtos_pfp.tmp_save
2025-09-22 15:05:16,775 [INFO] CodeEngine:287 - Generated code: C:\Users\jesfi\Desktop\STM-Projets\Projeto-ENGD33\Projeto-ENGD33\MXTmpFiles\rtos_pfp.tmp
2025-09-22 15:05:16,782 [INFO] CodeEngine:263 - oldGeneratedFile, C:\Users\jesfi\Desktop\STM-Projets\Projeto-ENGD33\Projeto-ENGD33\MXTmpFiles\rtos_obj_creat.tmp_save
2025-09-22 15:05:16,836 [INFO] CodeEngine:287 - Generated code: C:\Users\jesfi\Desktop\STM-Projets\Projeto-ENGD33\Projeto-ENGD33\MXTmpFiles\rtos_obj_creat.tmp
2025-09-22 15:05:16,843 [INFO] CodeEngine:263 - oldGeneratedFile, C:\Users\jesfi\Desktop\STM-Projets\Projeto-ENGD33\Projeto-ENGD33\MXTmpFiles\rtos_default_thread.tmp_save
2025-09-22 15:05:16,895 [INFO] CodeEngine:287 - Generated code: C:\Users\jesfi\Desktop\STM-Projets\Projeto-ENGD33\Projeto-ENGD33\MXTmpFiles\rtos_default_thread.tmp
2025-09-22 15:05:16,902 [INFO] CodeEngine:263 - oldGeneratedFile, C:\Users\jesfi\Desktop\STM-Projets\Projeto-ENGD33\Projeto-ENGD33\MXTmpFiles\rtos_threads.tmp_save
2025-09-22 15:05:16,951 [INFO] CodeEngine:287 - Generated code: C:\Users\jesfi\Desktop\STM-Projets\Projeto-ENGD33\Projeto-ENGD33\MXTmpFiles\rtos_threads.tmp
2025-09-22 15:05:16,960 [INFO] CodeEngine:263 - oldGeneratedFile, C:\Users\jesfi\Desktop\STM-Projets\Projeto-ENGD33\Projeto-ENGD33\Core\Inc\FreeRTOSConfig.h_save
2025-09-22 15:05:17,031 [INFO] CodeEngine:287 - Generated code: C:\Users\jesfi\Desktop\STM-Projets\Projeto-ENGD33\Projeto-ENGD33\Core\Inc\FreeRTOSConfig.h
2025-09-22 15:05:17,043 [INFO] CodeEngine:263 - oldGeneratedFile, C:\Users\jesfi\Desktop\STM-Projets\Projeto-ENGD33\Projeto-ENGD33\Core\Src\freertos.c_save
2025-09-22 15:05:17,105 [INFO] CodeEngine:287 - Generated code: C:\Users\jesfi\Desktop\STM-Projets\Projeto-ENGD33\Projeto-ENGD33\Core\Src\freertos.c
2025-09-22 15:05:17,136 [INFO] CodeEngine:263 - oldGeneratedFile, C:\Users\jesfi\Desktop\STM-Projets\Projeto-ENGD33\Projeto-ENGD33\MXTmpFiles\dma.tmp_save
2025-09-22 15:05:17,187 [INFO] CodeEngine:287 - Generated code: C:\Users\jesfi\Desktop\STM-Projets\Projeto-ENGD33\Projeto-ENGD33\MXTmpFiles\dma.tmp
2025-09-22 15:05:17,191 [INFO] CodeEngine:263 - oldGeneratedFile, C:\Users\jesfi\Desktop\STM-Projets\Projeto-ENGD33\Projeto-ENGD33\MXTmpFiles\dma_GV.tmp_save
2025-09-22 15:05:17,237 [INFO] CodeEngine:287 - Generated code: C:\Users\jesfi\Desktop\STM-Projets\Projeto-ENGD33\Projeto-ENGD33\MXTmpFiles\dma_GV.tmp
2025-09-22 15:05:17,262 [INFO] CodeEngine:263 - oldGeneratedFile, C:\Users\jesfi\Desktop\STM-Projets\Projeto-ENGD33\Projeto-ENGD33\Core\Src\stm32f4xx_it.c_save
2025-09-22 15:05:17,423 [INFO] CodeEngine:287 - Generated code: C:\Users\jesfi\Desktop\STM-Projets\Projeto-ENGD33\Projeto-ENGD33\Core\Src\stm32f4xx_it.c
2025-09-22 15:05:17,432 [INFO] CodeEngine:263 - oldGeneratedFile, C:\Users\jesfi\Desktop\STM-Projets\Projeto-ENGD33\Projeto-ENGD33\Core\Inc\stm32f4xx_it.h_save
2025-09-22 15:05:17,485 [INFO] CodeEngine:287 - Generated code: C:\Users\jesfi\Desktop\STM-Projets\Projeto-ENGD33\Projeto-ENGD33\Core\Inc\stm32f4xx_it.h
2025-09-22 15:05:17,506 [INFO] CodeEngine:263 - oldGeneratedFile, C:\Users\jesfi\Desktop\STM-Projets\Projeto-ENGD33\Projeto-ENGD33\Core\Src\stm32f4xx_hal_msp.c_save
2025-09-22 15:05:17,621 [INFO] CodeEngine:287 - Generated code: C:\Users\jesfi\Desktop\STM-Projets\Projeto-ENGD33\Projeto-ENGD33\Core\Src\stm32f4xx_hal_msp.c
2025-09-22 15:05:17,629 [INFO] CodeEngine:263 - oldGeneratedFile, C:\Users\jesfi\Desktop\STM-Projets\Projeto-ENGD33\Projeto-ENGD33\MXTmpFiles\system.tmp_save
2025-09-22 15:05:17,679 [INFO] CodeEngine:287 - Generated code: C:\Users\jesfi\Desktop\STM-Projets\Projeto-ENGD33\Projeto-ENGD33\MXTmpFiles\system.tmp
2025-09-22 15:05:17,695 [INFO] CodeEngine:319 - oldGeneratedFile, C:\Users\jesfi\Desktop\STM-Projets\Projeto-ENGD33\Projeto-ENGD33\Core\Inc\stm32f4xx_hal_conf.h_save
2025-09-22 15:05:17,752 [INFO] CodeEngine:343 - Generated code: C:\Users\jesfi\Desktop\STM-Projets\Projeto-ENGD33\Projeto-ENGD33\Core\Inc\stm32f4xx_hal_conf.h
2025-09-22 15:05:17,777 [WARN] IPConfigManager:3790 - IP not found : TIM
2025-09-22 15:05:17,778 [WARN] CodeGenerator:4198 - IP not found : null
2025-09-22 15:05:17,789 [INFO] CodeEngine:263 - oldGeneratedFile, C:\Users\jesfi\Desktop\STM-Projets\Projeto-ENGD33\Projeto-ENGD33\Core\Inc\main.h_save
2025-09-22 15:05:17,860 [INFO] CodeEngine:287 - Generated code: C:\Users\jesfi\Desktop\STM-Projets\Projeto-ENGD33\Projeto-ENGD33\Core\Inc\main.h
2025-09-22 15:05:17,868 [INFO] CodeEngine:263 - oldGeneratedFile, C:\Users\jesfi\Desktop\STM-Projets\Projeto-ENGD33\Projeto-ENGD33\Core\Src\main.c_save
2025-09-22 15:05:18,017 [INFO] CodeEngine:287 - Generated code: C:\Users\jesfi\Desktop\STM-Projets\Projeto-ENGD33\Projeto-ENGD33\Core\Src\main.c
2025-09-22 15:05:18,652 [INFO] ProjectBuilder:3324 - Time for Copy HAL[1] : 457mS.
2025-09-22 15:05:18,662 [INFO] ProjectBuilder:4912 - Project Generator version: 4.6.0.1-B1
2025-09-22 15:05:18,753 [INFO] ConfigFileManager:1590 - The Die is : DIE431
2025-09-22 15:05:20,502 [INFO] ProjectBuilder:5191 - Time for Generating toolchain IDE Files: 1840mS.
2025-09-22 15:05:20,503 [INFO] ProjectBuilder:3181 - Time for Copy CMSIS : 1mS.
2025-09-22 15:05:20,516 [INFO] ProjectBuilder:3181 - Time for Copy CMSIS : 1mS.
2025-09-22 16:39:05,504 [INFO] NvicIntPanel:101 - NVIC parent = com.st.microxplorer.plugins.ip.nvic.MultiNvicIntPanel[,0,0,0x0,invalid,layout=javax.swing.BoxLayout,alignmentX=0.0,alignmentY=0.0,border=,flags=9,maximumSize=,minimumSize=,preferredSize=]
2025-09-22 16:39:08,804 [INFO] UtilMem:75 - End SaveConfig() Used Memory: 277563112 Bytes (723517440)
2025-09-22 16:39:10,713 [INFO] UtilMem:75 - End SaveConfig() Used Memory: 296437480 Bytes (723517440)
2025-09-22 16:39:14,076 [INFO] UtilMem:75 - End SaveConfig() Used Memory: 426987240 Bytes (723517440)
2025-09-22 16:39:17,551 [INFO] BlockDiagram:2775 - set Specific Code input for plugin: RTC
2025-09-22 16:39:17,551 [INFO] BlockDiagram:2775 - set Specific Code input for plugin: SPI
2025-09-22 16:39:17,551 [INFO] BlockDiagram:2775 - set Specific Code input for plugin: NVIC
2025-09-22 16:39:17,551 [INFO] BlockDiagram:2775 - set Specific Code input for plugin: USART
2025-09-22 16:39:17,551 [INFO] BlockDiagram:2775 - set Specific Code input for plugin: FREERTOS
2025-09-22 16:39:17,551 [INFO] BlockDiagram:2775 - set Specific Code input for plugin: USART
2025-09-22 16:39:17,551 [INFO] BlockDiagram:2775 - set Specific Code input for plugin: DMA
2025-09-22 16:39:17,551 [INFO] BlockDiagram:2775 - set Specific Code input for plugin: TIM1_8
2025-09-22 16:39:17,551 [INFO] BlockDiagram:2775 - set Specific Code input for plugin: TIM1_8
2025-09-22 16:39:17,551 [INFO] BlockDiagram:2775 - set Specific Code input for plugin: TIM1_8
2025-09-22 16:39:17,551 [INFO] BlockDiagram:2775 - set Specific Code input for plugin: TIM1_8
2025-09-22 16:39:17,551 [INFO] BlockDiagram:2775 - set Specific Code input for plugin: SYS
2025-09-22 16:39:17,551 [INFO] BlockDiagram:2775 - set Specific Code input for plugin: GPIO
2025-09-22 16:39:17,551 [INFO] BlockDiagram:2775 - set Specific Code input for plugin: ADC
2025-09-22 16:39:17,551 [INFO] BlockDiagram:2775 - set Specific Code input for plugin: RCC
2025-09-22 16:39:17,551 [INFO] BlockDiagram:2775 - set Specific Code input for plugin: I2C
2025-09-22 16:39:17,552 [INFO] CodeGenerator:882 - code generatio: config db path: C:\Program Files\STMicroelectronics\STM32Cube\STM32CubeIDE_1.18.0\STM32CubeIDE\..\..\..\..\..\Users\jesfi\.eclipse\com.st.stm32cube.ide.mcu.rcp.product_1.18.0_2086139113_win32_win32_x86_64\plugins\com.st.stm32cube.common.mx_6.14.1.202504091515\\db\
2025-09-22 16:39:17,560 [WARN] IP:2250 - I2C_Coeff_DF not found: check if there is a RefParameter without a condition.
2025-09-22 16:39:17,560 [WARN] IP:2250 - Analog_Filter not found: check if there is a RefParameter without a condition.
2025-09-22 16:39:17,572 [INFO] Argument:325 - Argument : hdmavalue: null
2025-09-22 16:39:17,573 [INFO] Argument:327 - 	 sub Args: 
2025-09-22 16:39:17,573 [INFO] Argument:325 - Argument : Instancevalue: DMA1_Stream5
2025-09-22 16:39:17,573 [INFO] Argument:335 - Argument : Instancevalue: DMA1_Stream5
2025-09-22 16:39:17,573 [INFO] Argument:325 - Argument : Initvalue: null
2025-09-22 16:39:17,573 [INFO] Argument:327 - 	 sub Args: 
2025-09-22 16:39:17,573 [INFO] Argument:325 - Argument : Channelvalue: DMA_CHANNEL_4
2025-09-22 16:39:17,573 [INFO] Argument:335 - Argument : Channelvalue: DMA_CHANNEL_4
2025-09-22 16:39:17,573 [INFO] Argument:325 - Argument : Directionvalue: DMA_PERIPH_TO_MEMORY
2025-09-22 16:39:17,573 [INFO] Argument:335 - Argument : Directionvalue: DMA_PERIPH_TO_MEMORY
2025-09-22 16:39:17,573 [INFO] Argument:325 - Argument : PeriphIncvalue: DMA_PINC_DISABLE
2025-09-22 16:39:17,573 [INFO] Argument:335 - Argument : PeriphIncvalue: DMA_PINC_DISABLE
2025-09-22 16:39:17,573 [INFO] Argument:325 - Argument : MemIncvalue: DMA_MINC_ENABLE
2025-09-22 16:39:17,573 [INFO] Argument:335 - Argument : MemIncvalue: DMA_MINC_ENABLE
2025-09-22 16:39:17,573 [INFO] Argument:325 - Argument : PeriphDataAlignmentvalue: DMA_PDATAALIGN_BYTE
2025-09-22 16:39:17,573 [INFO] Argument:335 - Argument : PeriphDataAlignmentvalue: DMA_PDATAALIGN_BYTE
2025-09-22 16:39:17,573 [INFO] Argument:325 - Argument : MemDataAlignmentvalue: DMA_MDATAALIGN_BYTE
2025-09-22 16:39:17,573 [INFO] Argument:335 - Argument : MemDataAlignmentvalue: DMA_MDATAALIGN_BYTE
2025-09-22 16:39:17,573 [INFO] Argument:325 - Argument : Modevalue: DMA_NORMAL
2025-09-22 16:39:17,573 [INFO] Argument:335 - Argument : Modevalue: DMA_NORMAL
2025-09-22 16:39:17,573 [INFO] Argument:325 - Argument : Priorityvalue: DMA_PRIORITY_LOW
2025-09-22 16:39:17,573 [INFO] Argument:335 - Argument : Priorityvalue: DMA_PRIORITY_LOW
2025-09-22 16:39:17,573 [INFO] Argument:325 - Argument : FIFOModevalue: DMA_FIFOMODE_DISABLE
2025-09-22 16:39:17,573 [INFO] Argument:335 - Argument : FIFOModevalue: DMA_FIFOMODE_DISABLE
2025-09-22 16:39:17,573 [INFO] Argument:325 - Argument : FIFOThresholdvalue: null
2025-09-22 16:39:17,573 [INFO] Argument:335 - Argument : FIFOThresholdvalue: null
2025-09-22 16:39:17,573 [INFO] Argument:325 - Argument : MemBurstvalue: null
2025-09-22 16:39:17,573 [INFO] Argument:335 - Argument : MemBurstvalue: null
2025-09-22 16:39:17,573 [INFO] Argument:325 - Argument : PeriphBurstvalue: null
2025-09-22 16:39:17,573 [INFO] Argument:335 - Argument : PeriphBurstvalue: null
2025-09-22 16:39:17,573 [INFO] Argument:325 - Argument : Lockvalue: null
2025-09-22 16:39:17,573 [INFO] Argument:335 - Argument : Lockvalue: null
2025-09-22 16:39:17,573 [INFO] Argument:325 - Argument : Statevalue: null
2025-09-22 16:39:17,573 [INFO] Argument:335 - Argument : Statevalue: null
2025-09-22 16:39:17,573 [INFO] Argument:325 - Argument : Parentvalue: null
2025-09-22 16:39:17,573 [INFO] Argument:335 - Argument : Parentvalue: null
2025-09-22 16:39:17,573 [INFO] Argument:325 - Argument : XferCpltCallbackvalue: null
2025-09-22 16:39:17,573 [INFO] Argument:335 - Argument : XferCpltCallbackvalue: null
2025-09-22 16:39:17,573 [INFO] Argument:325 - Argument : XferHalfCpltCallbackvalue: null
2025-09-22 16:39:17,573 [INFO] Argument:335 - Argument : XferHalfCpltCallbackvalue: null
2025-09-22 16:39:17,573 [INFO] Argument:325 - Argument : XferM1CpltCallbackvalue: null
2025-09-22 16:39:17,573 [INFO] Argument:335 - Argument : XferM1CpltCallbackvalue: null
2025-09-22 16:39:17,573 [INFO] Argument:325 - Argument : XferErrorCallbackvalue: null
2025-09-22 16:39:17,573 [INFO] Argument:335 - Argument : XferErrorCallbackvalue: null
2025-09-22 16:39:17,573 [INFO] Argument:325 - Argument : ErrorCodevalue: null
2025-09-22 16:39:17,573 [INFO] Argument:335 - Argument : ErrorCodevalue: null
2025-09-22 16:39:17,574 [INFO] Argument:325 - Argument : hdmavalue: null
2025-09-22 16:39:17,574 [INFO] Argument:327 - 	 sub Args: 
2025-09-22 16:39:17,574 [INFO] Argument:325 - Argument : Instancevalue: DMA1_Stream6
2025-09-22 16:39:17,574 [INFO] Argument:335 - Argument : Instancevalue: DMA1_Stream6
2025-09-22 16:39:17,574 [INFO] Argument:325 - Argument : Initvalue: null
2025-09-22 16:39:17,574 [INFO] Argument:327 - 	 sub Args: 
2025-09-22 16:39:17,574 [INFO] Argument:325 - Argument : Channelvalue: DMA_CHANNEL_4
2025-09-22 16:39:17,574 [INFO] Argument:335 - Argument : Channelvalue: DMA_CHANNEL_4
2025-09-22 16:39:17,574 [INFO] Argument:325 - Argument : Directionvalue: DMA_MEMORY_TO_PERIPH
2025-09-22 16:39:17,574 [INFO] Argument:335 - Argument : Directionvalue: DMA_MEMORY_TO_PERIPH
2025-09-22 16:39:17,574 [INFO] Argument:325 - Argument : PeriphIncvalue: DMA_PINC_DISABLE
2025-09-22 16:39:17,574 [INFO] Argument:335 - Argument : PeriphIncvalue: DMA_PINC_DISABLE
2025-09-22 16:39:17,574 [INFO] Argument:325 - Argument : MemIncvalue: DMA_MINC_ENABLE
2025-09-22 16:39:17,574 [INFO] Argument:335 - Argument : MemIncvalue: DMA_MINC_ENABLE
2025-09-22 16:39:17,574 [INFO] Argument:325 - Argument : PeriphDataAlignmentvalue: DMA_PDATAALIGN_BYTE
2025-09-22 16:39:17,574 [INFO] Argument:335 - Argument : PeriphDataAlignmentvalue: DMA_PDATAALIGN_BYTE
2025-09-22 16:39:17,574 [INFO] Argument:325 - Argument : MemDataAlignmentvalue: DMA_MDATAALIGN_BYTE
2025-09-22 16:39:17,574 [INFO] Argument:335 - Argument : MemDataAlignmentvalue: DMA_MDATAALIGN_BYTE
2025-09-22 16:39:17,574 [INFO] Argument:325 - Argument : Modevalue: DMA_NORMAL
2025-09-22 16:39:17,574 [INFO] Argument:335 - Argument : Modevalue: DMA_NORMAL
2025-09-22 16:39:17,574 [INFO] Argument:325 - Argument : Priorityvalue: DMA_PRIORITY_LOW
2025-09-22 16:39:17,574 [INFO] Argument:335 - Argument : Priorityvalue: DMA_PRIORITY_LOW
2025-09-22 16:39:17,574 [INFO] Argument:325 - Argument : FIFOModevalue: DMA_FIFOMODE_DISABLE
2025-09-22 16:39:17,574 [INFO] Argument:335 - Argument : FIFOModevalue: DMA_FIFOMODE_DISABLE
2025-09-22 16:39:17,574 [INFO] Argument:325 - Argument : FIFOThresholdvalue: null
2025-09-22 16:39:17,574 [INFO] Argument:335 - Argument : FIFOThresholdvalue: null
2025-09-22 16:39:17,574 [INFO] Argument:325 - Argument : MemBurstvalue: null
2025-09-22 16:39:17,574 [INFO] Argument:335 - Argument : MemBurstvalue: null
2025-09-22 16:39:17,574 [INFO] Argument:325 - Argument : PeriphBurstvalue: null
2025-09-22 16:39:17,574 [INFO] Argument:335 - Argument : PeriphBurstvalue: null
2025-09-22 16:39:17,574 [INFO] Argument:325 - Argument : Lockvalue: null
2025-09-22 16:39:17,574 [INFO] Argument:335 - Argument : Lockvalue: null
2025-09-22 16:39:17,574 [INFO] Argument:325 - Argument : Statevalue: null
2025-09-22 16:39:17,574 [INFO] Argument:335 - Argument : Statevalue: null
2025-09-22 16:39:17,574 [INFO] Argument:325 - Argument : Parentvalue: null
2025-09-22 16:39:17,574 [INFO] Argument:335 - Argument : Parentvalue: null
2025-09-22 16:39:17,574 [INFO] Argument:325 - Argument : XferCpltCallbackvalue: null
2025-09-22 16:39:17,574 [INFO] Argument:335 - Argument : XferCpltCallbackvalue: null
2025-09-22 16:39:17,574 [INFO] Argument:325 - Argument : XferHalfCpltCallbackvalue: null
2025-09-22 16:39:17,574 [INFO] Argument:335 - Argument : XferHalfCpltCallbackvalue: null
2025-09-22 16:39:17,574 [INFO] Argument:325 - Argument : XferM1CpltCallbackvalue: null
2025-09-22 16:39:17,574 [INFO] Argument:335 - Argument : XferM1CpltCallbackvalue: null
2025-09-22 16:39:17,574 [INFO] Argument:325 - Argument : XferErrorCallbackvalue: null
2025-09-22 16:39:17,574 [INFO] Argument:335 - Argument : XferErrorCallbackvalue: null
2025-09-22 16:39:17,574 [INFO] Argument:325 - Argument : ErrorCodevalue: null
2025-09-22 16:39:17,575 [INFO] Argument:335 - Argument : ErrorCodevalue: null
2025-09-22 16:39:17,632 [INFO] CodeEngine:263 - oldGeneratedFile, C:\Users\jesfi\Desktop\STM-Projets\Projeto-ENGD33\Projeto-ENGD33\MXTmpFiles\license.tmp_save
2025-09-22 16:39:17,697 [INFO] CodeEngine:287 - Generated code: C:\Users\jesfi\Desktop\STM-Projets\Projeto-ENGD33\Projeto-ENGD33\MXTmpFiles\license.tmp
2025-09-22 16:39:17,723 [INFO] CodeEngine:263 - oldGeneratedFile, C:\Users\jesfi\Desktop\STM-Projets\Projeto-ENGD33\Projeto-ENGD33\MXTmpFiles\gpio.tmp_save
2025-09-22 16:39:17,781 [INFO] CodeEngine:287 - Generated code: C:\Users\jesfi\Desktop\STM-Projets\Projeto-ENGD33\Projeto-ENGD33\MXTmpFiles\gpio.tmp
2025-09-22 16:39:18,186 [INFO] Middleware:1452 - No code input for Bsp Dependency
2025-09-22 16:39:18,193 [INFO] CodeEngine:263 - oldGeneratedFile, C:\Users\jesfi\Desktop\STM-Projets\Projeto-ENGD33\Projeto-ENGD33\MXTmpFiles\rtos_inc.tmp_save
2025-09-22 16:39:18,240 [INFO] CodeEngine:287 - Generated code: C:\Users\jesfi\Desktop\STM-Projets\Projeto-ENGD33\Projeto-ENGD33\MXTmpFiles\rtos_inc.tmp
2025-09-22 16:39:18,244 [INFO] CodeEngine:263 - oldGeneratedFile, C:\Users\jesfi\Desktop\STM-Projets\Projeto-ENGD33\Projeto-ENGD33\MXTmpFiles\rtos_kernelInit.tmp_save
2025-09-22 16:39:18,291 [INFO] CodeEngine:287 - Generated code: C:\Users\jesfi\Desktop\STM-Projets\Projeto-ENGD33\Projeto-ENGD33\MXTmpFiles\rtos_kernelInit.tmp
2025-09-22 16:39:18,295 [INFO] CodeEngine:263 - oldGeneratedFile, C:\Users\jesfi\Desktop\STM-Projets\Projeto-ENGD33\Projeto-ENGD33\MXTmpFiles\rtos_kernelStart.tmp_save
2025-09-22 16:39:18,341 [INFO] CodeEngine:287 - Generated code: C:\Users\jesfi\Desktop\STM-Projets\Projeto-ENGD33\Projeto-ENGD33\MXTmpFiles\rtos_kernelStart.tmp
2025-09-22 16:39:18,346 [INFO] CodeEngine:263 - oldGeneratedFile, C:\Users\jesfi\Desktop\STM-Projets\Projeto-ENGD33\Projeto-ENGD33\MXTmpFiles\rtos_typedefs.tmp_save
2025-09-22 16:39:18,391 [INFO] CodeEngine:287 - Generated code: C:\Users\jesfi\Desktop\STM-Projets\Projeto-ENGD33\Projeto-ENGD33\MXTmpFiles\rtos_typedefs.tmp
2025-09-22 16:39:18,395 [INFO] CodeEngine:263 - oldGeneratedFile, C:\Users\jesfi\Desktop\STM-Projets\Projeto-ENGD33\Projeto-ENGD33\MXTmpFiles\rtos_vars.tmp_save
2025-09-22 16:39:18,441 [INFO] CodeEngine:287 - Generated code: C:\Users\jesfi\Desktop\STM-Projets\Projeto-ENGD33\Projeto-ENGD33\MXTmpFiles\rtos_vars.tmp
2025-09-22 16:39:18,445 [INFO] CodeEngine:263 - oldGeneratedFile, C:\Users\jesfi\Desktop\STM-Projets\Projeto-ENGD33\Projeto-ENGD33\MXTmpFiles\rtos_pfp.tmp_save
2025-09-22 16:39:18,488 [INFO] CodeEngine:287 - Generated code: C:\Users\jesfi\Desktop\STM-Projets\Projeto-ENGD33\Projeto-ENGD33\MXTmpFiles\rtos_pfp.tmp
2025-09-22 16:39:18,492 [INFO] CodeEngine:263 - oldGeneratedFile, C:\Users\jesfi\Desktop\STM-Projets\Projeto-ENGD33\Projeto-ENGD33\MXTmpFiles\rtos_obj_creat.tmp_save
2025-09-22 16:39:18,544 [INFO] CodeEngine:287 - Generated code: C:\Users\jesfi\Desktop\STM-Projets\Projeto-ENGD33\Projeto-ENGD33\MXTmpFiles\rtos_obj_creat.tmp
2025-09-22 16:39:18,548 [INFO] CodeEngine:263 - oldGeneratedFile, C:\Users\jesfi\Desktop\STM-Projets\Projeto-ENGD33\Projeto-ENGD33\MXTmpFiles\rtos_default_thread.tmp_save
2025-09-22 16:39:18,594 [INFO] CodeEngine:287 - Generated code: C:\Users\jesfi\Desktop\STM-Projets\Projeto-ENGD33\Projeto-ENGD33\MXTmpFiles\rtos_default_thread.tmp
2025-09-22 16:39:18,599 [INFO] CodeEngine:263 - oldGeneratedFile, C:\Users\jesfi\Desktop\STM-Projets\Projeto-ENGD33\Projeto-ENGD33\MXTmpFiles\rtos_threads.tmp_save
2025-09-22 16:39:18,645 [INFO] CodeEngine:287 - Generated code: C:\Users\jesfi\Desktop\STM-Projets\Projeto-ENGD33\Projeto-ENGD33\MXTmpFiles\rtos_threads.tmp
2025-09-22 16:39:18,674 [INFO] Middleware:1452 - No code input for Bsp Dependency
2025-09-22 16:39:18,683 [INFO] CodeEngine:263 - oldGeneratedFile, C:\Users\jesfi\Desktop\STM-Projets\Projeto-ENGD33\Projeto-ENGD33\MXTmpFiles\rtos_inc.tmp_save
2025-09-22 16:39:18,728 [INFO] CodeEngine:287 - Generated code: C:\Users\jesfi\Desktop\STM-Projets\Projeto-ENGD33\Projeto-ENGD33\MXTmpFiles\rtos_inc.tmp
2025-09-22 16:39:18,735 [INFO] CodeEngine:263 - oldGeneratedFile, C:\Users\jesfi\Desktop\STM-Projets\Projeto-ENGD33\Projeto-ENGD33\MXTmpFiles\rtos_kernelInit.tmp_save
2025-09-22 16:39:18,780 [INFO] CodeEngine:287 - Generated code: C:\Users\jesfi\Desktop\STM-Projets\Projeto-ENGD33\Projeto-ENGD33\MXTmpFiles\rtos_kernelInit.tmp
2025-09-22 16:39:18,787 [INFO] CodeEngine:263 - oldGeneratedFile, C:\Users\jesfi\Desktop\STM-Projets\Projeto-ENGD33\Projeto-ENGD33\MXTmpFiles\rtos_kernelStart.tmp_save
2025-09-22 16:39:18,832 [INFO] CodeEngine:287 - Generated code: C:\Users\jesfi\Desktop\STM-Projets\Projeto-ENGD33\Projeto-ENGD33\MXTmpFiles\rtos_kernelStart.tmp
2025-09-22 16:39:18,839 [INFO] CodeEngine:263 - oldGeneratedFile, C:\Users\jesfi\Desktop\STM-Projets\Projeto-ENGD33\Projeto-ENGD33\MXTmpFiles\rtos_typedefs.tmp_save
2025-09-22 16:39:18,887 [INFO] CodeEngine:287 - Generated code: C:\Users\jesfi\Desktop\STM-Projets\Projeto-ENGD33\Projeto-ENGD33\MXTmpFiles\rtos_typedefs.tmp
2025-09-22 16:39:18,895 [INFO] CodeEngine:263 - oldGeneratedFile, C:\Users\jesfi\Desktop\STM-Projets\Projeto-ENGD33\Projeto-ENGD33\MXTmpFiles\rtos_vars.tmp_save
2025-09-22 16:39:18,956 [INFO] CodeEngine:287 - Generated code: C:\Users\jesfi\Desktop\STM-Projets\Projeto-ENGD33\Projeto-ENGD33\MXTmpFiles\rtos_vars.tmp
2025-09-22 16:39:18,967 [INFO] CodeEngine:263 - oldGeneratedFile, C:\Users\jesfi\Desktop\STM-Projets\Projeto-ENGD33\Projeto-ENGD33\MXTmpFiles\rtos_pfp.tmp_save
2025-09-22 16:39:19,030 [INFO] CodeEngine:287 - Generated code: C:\Users\jesfi\Desktop\STM-Projets\Projeto-ENGD33\Projeto-ENGD33\MXTmpFiles\rtos_pfp.tmp
2025-09-22 16:39:19,038 [INFO] CodeEngine:263 - oldGeneratedFile, C:\Users\jesfi\Desktop\STM-Projets\Projeto-ENGD33\Projeto-ENGD33\MXTmpFiles\rtos_obj_creat.tmp_save
2025-09-22 16:39:19,093 [INFO] CodeEngine:287 - Generated code: C:\Users\jesfi\Desktop\STM-Projets\Projeto-ENGD33\Projeto-ENGD33\MXTmpFiles\rtos_obj_creat.tmp
2025-09-22 16:39:19,099 [INFO] CodeEngine:263 - oldGeneratedFile, C:\Users\jesfi\Desktop\STM-Projets\Projeto-ENGD33\Projeto-ENGD33\MXTmpFiles\rtos_default_thread.tmp_save
2025-09-22 16:39:19,149 [INFO] CodeEngine:287 - Generated code: C:\Users\jesfi\Desktop\STM-Projets\Projeto-ENGD33\Projeto-ENGD33\MXTmpFiles\rtos_default_thread.tmp
2025-09-22 16:39:19,158 [INFO] CodeEngine:263 - oldGeneratedFile, C:\Users\jesfi\Desktop\STM-Projets\Projeto-ENGD33\Projeto-ENGD33\MXTmpFiles\rtos_threads.tmp_save
2025-09-22 16:39:19,207 [INFO] CodeEngine:287 - Generated code: C:\Users\jesfi\Desktop\STM-Projets\Projeto-ENGD33\Projeto-ENGD33\MXTmpFiles\rtos_threads.tmp
2025-09-22 16:39:19,214 [INFO] CodeEngine:263 - oldGeneratedFile, C:\Users\jesfi\Desktop\STM-Projets\Projeto-ENGD33\Projeto-ENGD33\Core\Inc\FreeRTOSConfig.h_save
2025-09-22 16:39:19,272 [INFO] CodeEngine:287 - Generated code: C:\Users\jesfi\Desktop\STM-Projets\Projeto-ENGD33\Projeto-ENGD33\Core\Inc\FreeRTOSConfig.h
2025-09-22 16:39:19,279 [INFO] CodeEngine:263 - oldGeneratedFile, C:\Users\jesfi\Desktop\STM-Projets\Projeto-ENGD33\Projeto-ENGD33\Core\Src\freertos.c_save
2025-09-22 16:39:19,330 [INFO] CodeEngine:287 - Generated code: C:\Users\jesfi\Desktop\STM-Projets\Projeto-ENGD33\Projeto-ENGD33\Core\Src\freertos.c
2025-09-22 16:39:19,357 [INFO] CodeEngine:263 - oldGeneratedFile, C:\Users\jesfi\Desktop\STM-Projets\Projeto-ENGD33\Projeto-ENGD33\MXTmpFiles\dma.tmp_save
2025-09-22 16:39:19,404 [INFO] CodeEngine:287 - Generated code: C:\Users\jesfi\Desktop\STM-Projets\Projeto-ENGD33\Projeto-ENGD33\MXTmpFiles\dma.tmp
2025-09-22 16:39:19,408 [INFO] CodeEngine:263 - oldGeneratedFile, C:\Users\jesfi\Desktop\STM-Projets\Projeto-ENGD33\Projeto-ENGD33\MXTmpFiles\dma_GV.tmp_save
2025-09-22 16:39:19,454 [INFO] CodeEngine:287 - Generated code: C:\Users\jesfi\Desktop\STM-Projets\Projeto-ENGD33\Projeto-ENGD33\MXTmpFiles\dma_GV.tmp
2025-09-22 16:39:19,475 [INFO] CodeEngine:263 - oldGeneratedFile, C:\Users\jesfi\Desktop\STM-Projets\Projeto-ENGD33\Projeto-ENGD33\Core\Src\stm32f4xx_it.c_save
2025-09-22 16:39:19,598 [INFO] CodeEngine:287 - Generated code: C:\Users\jesfi\Desktop\STM-Projets\Projeto-ENGD33\Projeto-ENGD33\Core\Src\stm32f4xx_it.c
2025-09-22 16:39:19,605 [INFO] CodeEngine:263 - oldGeneratedFile, C:\Users\jesfi\Desktop\STM-Projets\Projeto-ENGD33\Projeto-ENGD33\Core\Inc\stm32f4xx_it.h_save
2025-09-22 16:39:19,655 [INFO] CodeEngine:287 - Generated code: C:\Users\jesfi\Desktop\STM-Projets\Projeto-ENGD33\Projeto-ENGD33\Core\Inc\stm32f4xx_it.h
2025-09-22 16:39:19,670 [INFO] CodeEngine:263 - oldGeneratedFile, C:\Users\jesfi\Desktop\STM-Projets\Projeto-ENGD33\Projeto-ENGD33\Core\Src\stm32f4xx_hal_msp.c_save
2025-09-22 16:39:19,756 [INFO] CodeEngine:287 - Generated code: C:\Users\jesfi\Desktop\STM-Projets\Projeto-ENGD33\Projeto-ENGD33\Core\Src\stm32f4xx_hal_msp.c
2025-09-22 16:39:19,761 [INFO] CodeEngine:263 - oldGeneratedFile, C:\Users\jesfi\Desktop\STM-Projets\Projeto-ENGD33\Projeto-ENGD33\MXTmpFiles\system.tmp_save
2025-09-22 16:39:19,807 [INFO] CodeEngine:287 - Generated code: C:\Users\jesfi\Desktop\STM-Projets\Projeto-ENGD33\Projeto-ENGD33\MXTmpFiles\system.tmp
2025-09-22 16:39:19,820 [INFO] CodeEngine:319 - oldGeneratedFile, C:\Users\jesfi\Desktop\STM-Projets\Projeto-ENGD33\Projeto-ENGD33\Core\Inc\stm32f4xx_hal_conf.h_save
2025-09-22 16:39:19,884 [INFO] CodeEngine:343 - Generated code: C:\Users\jesfi\Desktop\STM-Projets\Projeto-ENGD33\Projeto-ENGD33\Core\Inc\stm32f4xx_hal_conf.h
2025-09-22 16:39:19,905 [WARN] IPConfigManager:3790 - IP not found : TIM
2025-09-22 16:39:19,906 [WARN] CodeGenerator:4198 - IP not found : null
2025-09-22 16:39:19,915 [INFO] CodeEngine:263 - oldGeneratedFile, C:\Users\jesfi\Desktop\STM-Projets\Projeto-ENGD33\Projeto-ENGD33\Core\Inc\main.h_save
2025-09-22 16:39:20,002 [INFO] CodeEngine:287 - Generated code: C:\Users\jesfi\Desktop\STM-Projets\Projeto-ENGD33\Projeto-ENGD33\Core\Inc\main.h
2025-09-22 16:39:20,010 [INFO] CodeEngine:263 - oldGeneratedFile, C:\Users\jesfi\Desktop\STM-Projets\Projeto-ENGD33\Projeto-ENGD33\Core\Src\main.c_save
2025-09-22 16:39:20,136 [INFO] CodeEngine:287 - Generated code: C:\Users\jesfi\Desktop\STM-Projets\Projeto-ENGD33\Projeto-ENGD33\Core\Src\main.c
2025-09-22 16:39:20,578 [INFO] ProjectBuilder:3324 - Time for Copy HAL[1] : 300mS.
2025-09-22 16:39:20,583 [INFO] ProjectBuilder:4912 - Project Generator version: 4.6.0.1-B1
2025-09-22 16:39:20,642 [INFO] ConfigFileManager:1590 - The Die is : DIE431
2025-09-22 16:39:21,817 [INFO] ProjectBuilder:5191 - Time for Generating toolchain IDE Files: 1234mS.
2025-09-22 16:39:21,818 [INFO] ProjectBuilder:3181 - Time for Copy CMSIS : 1mS.
2025-09-22 16:39:21,831 [INFO] ProjectBuilder:3181 - Time for Copy CMSIS : 0mS.
